Archive member included to satisfy reference by file (symbol)

/Applications/microchip/xc32/v4.10/bin/bin/../../lib/gcc/pic32c/8.3.1/../../../../pic32c/lib/thumb/v8-m.base/nofp/libpic32c.a(data_init.o)
                              build/default/debug/_ext/1171490990/startup_xc32.o (__pic32c_data_initialization)
/Applications/microchip/xc32/v4.10/bin/bin/../../lib/gcc/pic32c/8.3.1/../../../../pic32c/lib/thumb/v8-m.base/nofp/libm-emfloat.a(lib_a-_MODF.o)
                              build/default/debug/_ext/1414040249/az_span.o (modf)
/Applications/microchip/xc32/v4.10/bin/bin/../../lib/gcc/pic32c/8.3.1/../../../../pic32c/lib/thumb/v8-m.base/nofp/libm-emfloat.a(floatasmops_arm.o)
                              /Applications/microchip/xc32/v4.10/bin/bin/../../lib/gcc/pic32c/8.3.1/../../../../pic32c/lib/thumb/v8-m.base/nofp/libm-emfloat.a(lib_a-_MODF.o) (__aeabi_fadd)
/Applications/microchip/xc32/v4.10/bin/bin/../../lib/gcc/pic32c/8.3.1/../../../../pic32c/lib/thumb/v8-m.base/nofp/libm-emfloat.a(lib_a-_ILOGB.o)
                              /Applications/microchip/xc32/v4.10/bin/bin/../../lib/gcc/pic32c/8.3.1/../../../../pic32c/lib/thumb/v8-m.base/nofp/libm-emfloat.a(lib_a-_MODF.o) (ilogb)
/Applications/microchip/xc32/v4.10/bin/bin/../../lib/gcc/pic32c/8.3.1/../../../../pic32c/lib/thumb/v8-m.base/nofp/libm-emfloat.a(lib_a-_LDEXP.o)
                              /Applications/microchip/xc32/v4.10/bin/bin/../../lib/gcc/pic32c/8.3.1/../../../../pic32c/lib/thumb/v8-m.base/nofp/libm-emfloat.a(lib_a-_MODF.o) (ldexp)
/Applications/microchip/xc32/v4.10/bin/bin/../../lib/gcc/pic32c/8.3.1/../../../../pic32c/lib/thumb/v8-m.base/nofp/libg-musl.a(isxdigit.o)
                              build/default/debug/_ext/1414040249/az_json_reader.o (isxdigit)
/Applications/microchip/xc32/v4.10/bin/bin/../../lib/gcc/pic32c/8.3.1/../../../../pic32c/lib/thumb/v8-m.base/nofp/libg-musl.a(__libc_start_main.o)
                              build/default/debug/_ext/1171490990/startup_xc32.o (__libc_init_array)
/Applications/microchip/xc32/v4.10/bin/bin/../../lib/gcc/pic32c/8.3.1/../../../../pic32c/lib/thumb/v8-m.base/nofp/libg-musl.a(exit.o)
                              build/default/debug/_ext/1360937237/azure_iot_pnp_pic32cmls60-curiosity.o (exit)
/Applications/microchip/xc32/v4.10/bin/bin/../../lib/gcc/pic32c/8.3.1/../../../../pic32c/lib/thumb/v8-m.base/nofp/libg-musl.a(libc.o)
                              /Applications/microchip/xc32/v4.10/bin/bin/../../lib/gcc/pic32c/8.3.1/../../../../pic32c/lib/thumb/v8-m.base/nofp/libg-musl.a(__libc_start_main.o) (__progname_full)
/Applications/microchip/xc32/v4.10/bin/bin/../../lib/gcc/pic32c/8.3.1/../../../../pic32c/lib/thumb/v8-m.base/nofp/libg-musl.a(malloc.o)
                              build/default/debug/_ext/1360937237/pic32cmls60-curiosity-commands.o (free)
/Applications/microchip/xc32/v4.10/bin/bin/../../lib/gcc/pic32c/8.3.1/../../../../pic32c/lib/thumb/v8-m.base/nofp/libg-musl.a(expand_heap.o)
                              /Applications/microchip/xc32/v4.10/bin/bin/../../lib/gcc/pic32c/8.3.1/../../../../pic32c/lib/thumb/v8-m.base/nofp/libg-musl.a(malloc.o) (__expand_heap)
/Applications/microchip/xc32/v4.10/bin/bin/../../lib/gcc/pic32c/8.3.1/../../../../pic32c/lib/thumb/v8-m.base/nofp/libg-musl.a(__sio_fprintf_dfosux.o)
                              (_fprintf_cdfFgGnopsuxX)
/Applications/microchip/xc32/v4.10/bin/bin/../../lib/gcc/pic32c/8.3.1/../../../../pic32c/lib/thumb/v8-m.base/nofp/libg-musl.a(__sio_printf_dfosux.o)
                              (_printf_cdfFgGnopsuxX)
/Applications/microchip/xc32/v4.10/bin/bin/../../lib/gcc/pic32c/8.3.1/../../../../pic32c/lib/thumb/v8-m.base/nofp/libg-musl.a(__sio_snprintf_dfosux.o)
                              (_snprintf_cdfFgGnopsuxX)
/Applications/microchip/xc32/v4.10/bin/bin/../../lib/gcc/pic32c/8.3.1/../../../../pic32c/lib/thumb/v8-m.base/nofp/libg-musl.a(__fmt_d.o)
                              /Applications/microchip/xc32/v4.10/bin/bin/../../lib/gcc/pic32c/8.3.1/../../../../pic32c/lib/thumb/v8-m.base/nofp/libg-musl.a(__sio_fprintf_dfosux.o) (__fmt_d_needed)
/Applications/microchip/xc32/v4.10/bin/bin/../../lib/gcc/pic32c/8.3.1/../../../../pic32c/lib/thumb/v8-m.base/nofp/libg-musl.a(__fmt_fp.o)
                              /Applications/microchip/xc32/v4.10/bin/bin/../../lib/gcc/pic32c/8.3.1/../../../../pic32c/lib/thumb/v8-m.base/nofp/libg-musl.a(__sio_fprintf_dfosux.o) (__fmt_f_needed)
/Applications/microchip/xc32/v4.10/bin/bin/../../lib/gcc/pic32c/8.3.1/../../../../pic32c/lib/thumb/v8-m.base/nofp/libg-musl.a(__fmt_o.o)
                              /Applications/microchip/xc32/v4.10/bin/bin/../../lib/gcc/pic32c/8.3.1/../../../../pic32c/lib/thumb/v8-m.base/nofp/libg-musl.a(__sio_fprintf_dfosux.o) (__fmt_o_needed)
/Applications/microchip/xc32/v4.10/bin/bin/../../lib/gcc/pic32c/8.3.1/../../../../pic32c/lib/thumb/v8-m.base/nofp/libg-musl.a(__fmt_s.o)
[...]
Memory Configuration

Name             Origin             Length             Attributes
rom              0x00040000         0x00040000         xrl
ram              0x20008000         0x00008000         xw !r
config_00804000  0x00804000         0x00000004
config_00804004  0x00804004         0x00000004
config_00804008  0x00804008         0x00000004
config_0080400C  0x0080400c         0x00000004
config_00804010  0x00804010         0x00000004
config_00804014  0x00804014         0x00000004
config_00804018  0x00804018         0x00000004
config_0080401C  0x0080401c         0x00000004
config_00804020  0x00804020         0x00000004
*default*        0x00000000         0xffffffff

Linker script and memory map

LOAD /Applications/microchip/xc32/v4.10/bin/bin/../../lib/gcc/pic32c/8.3.1/thumb/v8-m.base/nofp/crti.o
LOAD /Applications/microchip/xc32/v4.10/bin/bin/../../lib/gcc/pic32c/8.3.1/thumb/v8-m.base/nofp/crtbegin.o
LOAD build/default/debug/_ext/1360937237/azure_iot_pnp_pic32cmls60-curiosity.o
LOAD build/default/debug/_ext/1360937237/main.o
LOAD build/default/debug/_ext/1360937237/pic32cmls60-curiosity-buttons.o
LOAD build/default/debug/_ext/1360937237/pic32cmls60-curiosity-led.o
LOAD build/default/debug/_ext/1360937237/pic32cmls60-curiosity-commands.o
LOAD build/default/debug/_ext/1414040249/az_base64.o
LOAD build/default/debug/_ext/1414040249/az_context.o
LOAD build/default/debug/_ext/1414040249/az_http_pipeline.o
LOAD build/default/debug/_ext/1414040249/az_http_policy.o
LOAD build/default/debug/_ext/1414040249/az_http_policy_logging.o
LOAD build/default/debug/_ext/1414040249/az_http_policy_retry.o
LOAD build/default/debug/_ext/1414040249/az_http_request.o
LOAD build/default/debug/_ext/1414040249/az_http_response.o
LOAD build/default/debug/_ext/1414040249/az_json_reader.o
LOAD build/default/debug/_ext/1414040249/az_json_token.o
LOAD build/default/debug/_ext/1414040249/az_json_writer.o
LOAD build/default/debug/_ext/1414040249/az_log.o
LOAD build/default/debug/_ext/1414040249/az_precondition.o
LOAD build/default/debug/_ext/1414040249/az_span.o
LOAD build/default/debug/_ext/1292534426/az_iot_common.o
LOAD build/default/debug/_ext/1292534426/az_iot_hub_client.o
LOAD build/default/debug/_ext/1292534426/az_iot_hub_client_c2d.o
LOAD build/default/debug/_ext/1292534426/az_iot_hub_client_commands.o
LOAD build/default/debug/_ext/1292534426/az_iot_hub_client_methods.o
LOAD build/default/debug/_ext/1292534426/az_iot_hub_client_properties.o
LOAD build/default/debug/_ext/1292534426/az_iot_hub_client_sas.o
LOAD build/default/debug/_ext/1292534426/az_iot_hub_client_telemetry.o
LOAD build/default/debug/_ext/1292534426/az_iot_hub_client_twin.o
LOAD build/default/debug/_ext/1292534426/az_iot_provisioning_client.o
LOAD build/default/debug/_ext/1292534426/az_iot_provisioning_client_sas.o
LOAD build/default/debug/_ext/1434821282/bsp.o
LOAD build/default/debug/_ext/60163342/plib_adc.o
LOAD build/default/debug/_ext/60167341/plib_eic.o
LOAD build/default/debug/_ext/1865468468/plib_nvic.o
LOAD build/default/debug/_ext/1865521619/plib_port.o
LOAD build/default/debug/_ext/504274921/plib_sercom3_usart.o
LOAD build/default/debug/_ext/504274921/plib_sercom2_usart.o
LOAD build/default/debug/_ext/1827571544/plib_systick.o
LOAD build/default/debug/_ext/163028504/xc32_monitor.o
LOAD build/default/debug/_ext/1171490990/initialization.o
LOAD build/default/debug/_ext/1171490990/interrupts.o
LOAD build/default/debug/_ext/1171490990/exceptions.o
LOAD build/default/debug/_ext/1171490990/startup_xc32.o
LOAD build/default/debug/_ext/1171490990/libc_syscalls.o
                0x00000001                __MPLAB_BUILD = 0x1
                0x00080000                __rom_end = (ORIGIN (rom) + LENGTH (rom))
                0x20010000                __ram_end = (ORIGIN (ram) + LENGTH (ram))

.config_00804000
 *(.config_00804000)

.config_00804004
 *(.config_00804004)

.config_00804008
 *(.config_00804008)

.config_0080400C
 *(.config_0080400C)

.config_00804010
 *(.config_00804010)

.config_00804014
 *(.config_00804014)

.config_00804018
 *(.config_00804018)

.config_0080401C
 *(.config_0080401C)

.config_00804020
 *(.config_00804020)

.vectors        0x00040000      0x15c
                0x00040000                . = ALIGN (0x4)
                0x00040000                _sfixed = .
 *(.vectors .vectors.* .vectors_default .vectors_default.*)
 .vectors.exception_table
                0x00040000      0x15c build/default/debug/_ext/1171490990/interrupts.o
                0x00040000                exception_table
 *(.isr_vector)
 *(.reset*)
 *(.after_vectors)

.text           0x0004015c       0x20
                0x0004015c                . = ALIGN (0x4)
 *(.glue_7t)
 .glue_7t       0x0004015c        0x0 linker stubs
 *(.glue_7)
 .glue_7        0x0004015c        0x0 linker stubs
 *veneer.o(.text.*)
 *nonsecure_entry.o(.text.*)
 *(.gnu.linkonce.r.*)
 *(.ARM.extab* .gnu.linkonce.armextab.*)
                0x0004015c                . = ALIGN (0x4)
 *(.init)
 .init          0x0004015c        0x4 /Applications/microchip/xc32/v4.10/bin/bin/../../lib/gcc/pic32c/8.3.1/thumb/v8-m.base/nofp/crti.o
                0x0004015c                _init
 .init          0x00040160        0x8 /Applications/microchip/xc32/v4.10/bin/bin/../../lib/gcc/pic32c/8.3.1/thumb/v8-m.base/nofp/crtn.o
                0x00040168                . = ALIGN (0x4)
                0x00040168                __preinit_array_start = .
 *(.preinit_array)
                0x00040168                __preinit_array_end = .
                0x00040168                . = ALIGN (0x4)
                0x00040168                __init_array_start = .
 *(SORT_BY_NAME(.init_array.*))
 *(.init_array)
 .init_array    0x00040168        0x4 /Applications/microchip/xc32/v4.10/bin/bin/../../lib/gcc/pic32c/8.3.1/thumb/v8-m.base/nofp/crtbegin.o
                0x0004016c                __init_array_end = .
                0x0004016c                . = ALIGN (0x4)
 *crtbegin.o(.ctors)
 *(EXCLUDE_FILE(*crtend.o) .ctors)
 *(SORT_BY_NAME(.ctors.*))
 *crtend.o(.ctors)
                0x0004016c                . = ALIGN (0x4)
 *(.fini)
 .fini          0x0004016c        0x4 /Applications/microchip/xc32/v4.10/bin/bin/../../lib/gcc/pic32c/8.3.1/thumb/v8-m.base/nofp/crti.o
                0x0004016c                _fini
 .fini          0x00040170        0x8 /Applications/microchip/xc32/v4.10/bin/bin/../../lib/gcc/pic32c/8.3.1/thumb/v8-m.base/nofp/crtn.o
                0x00040178                . = ALIGN (0x4)
                0x00040178                __fini_array_start = .
 *(.fini_array)
 .fini_array    0x00040178        0x4 /Applications/microchip/xc32/v4.10/bin/bin/../../lib/gcc/pic32c/8.3.1/thumb/v8-m.base/nofp/crtbegin.o
 *(SORT_BY_NAME(.fini_array.*))
                0x0004017c                __fini_array_end = .
 *crtbegin.o(.dtors)
 *(EXCLUDE_FILE(*crtend.o) .dtors)
 *(SORT_BY_NAME(.dtors.*))
 *crtend.o(.dtors)
                0x0004017c                . = ALIGN (0x4)
                0x0004017c                _efixed = .
                [!provide]                PROVIDE (__exidx_start = .)

.ARM.exidx      0x0004017c       0x10
 *(.ARM.exidx* .gnu.linkonce.armexidx.*)
 .ARM.exidx     0x0004017c        0x8 /Applications/microchip/xc32/v4.10/bin/bin/../../lib/gcc/pic32c/8.3.1/thumb/v8-m.base/nofp/libgcc.a(_udivmoddi4.o)
 .ARM.exidx     0x00040184        0x8 /Applications/microchip/xc32/v4.10/bin/bin/../../lib/gcc/pic32c/8.3.1/thumb/v8-m.base/nofp/libgcc.a(_divdi3.o)
                [!provide]                PROVIDE (__exidx_end = .)
                0x0004018c                . = ALIGN (0x4)
                0x0004018c                _etext = .

.bss            0x20008000        0x0
                0x20008000                . = ALIGN (0x4)
                0x20008000                __bss_start__ = .
                0x20008000                _sbss = .
                0x20008000                _szero = .
 *(COMMON)
                0x20008000                . = ALIGN (0x4)
                0x20008000                __bss_end__ = .
                0x20008000                _ebss = .
                0x20008000                _ezero = .
                0x20008000                . = ALIGN (0x4)
                0x20008000                _end = .
                0x2000ffff                _ram_end_ = ((ORIGIN (ram) + LENGTH (ram)) - 0x1)
                0x00000001                __ICD2RAM = 0x1
                0x00000001                __MPLAB_DEBUG = 0x1
                0x00000001                __DEBUG = 0x1
                0x00000200                _min_heap_size = 0x200
LOAD ./ewf_iot_central_Secure_sg_veneer.lib
START GROUP
LOAD /Applications/microchip/xc32/v4.10/bin/bin/../../lib/gcc/pic32c/8.3.1/../../../../pic32c/lib/thumb/v8-m.base/nofp/libpic32c.a
LOAD /Applications/microchip/xc32/v4.10/bin/bin/../../lib/gcc/pic32c/8.3.1/../../../../pic32c/lib/thumb/v8-m.base/nofp/libm-emfloat.a
LOAD /Applications/microchip/xc32/v4.10/bin/bin/../../lib/gcc/pic32c/8.3.1/../../../../pic32c/lib/thumb/v8-m.base/nofp/libg-musl.a
LOAD /Applications/microchip/xc32/v4.10/bin/bin/../../lib/gcc/pic32c/8.3.1/../../../../pic32c/lib/thumb/v8-m.base/nofp/libc-musl.a
LOAD /Applications/microchip/xc32/v4.10/bin/bin/../../lib/gcc/pic32c/8.3.1/../../../../pic32c/lib/thumb/v8-m.base/nofp/libm-emfloat.a
LOAD /Applications/microchip/xc32/v4.10/bin/bin/../../lib/gcc/pic32c/8.3.1/thumb/v8-m.base/nofp/libgcc.a
END GROUP
LOAD /Applications/microchip/xc32/v4.10/bin/bin/../../lib/gcc/pic32c/8.3.1/thumb/v8-m.base/nofp/crtend.o
LOAD /Applications/microchip/xc32/v4.10/bin/bin/../../lib/gcc/pic32c/8.3.1/thumb/v8-m.base/nofp/crtn.o
OUTPUT(dist/default/debug/ewf_iot_central_NonSecure.X.debug.elf elf32-littlearm)
LOAD stack
LOAD data_init

.ARM.attributes
                0x00000000       0x2e
 .ARM.attributes
                0x00000000       0x22 /Applications/microchip/xc32/v4.10/bin/bin/../../lib/gcc/pic32c/8.3.1/thumb/v8-m.base/nofp/crti.o
 .ARM.attributes
                0x00000022       0x30 /Applications/microchip/xc32/v4.10/bin/bin/../../lib/gcc/pic32c/8.3.1/thumb/v8-m.base/nofp/crtbegin.o
 .ARM.attributes
                0x00000052       0x30 build/default/debug/_ext/1360937237/azure_iot_pnp_pic32cmls60-curiosity.o
 .ARM.attributes
                0x00000082       0x30 build/default/debug/_ext/1360937237/main.o
 .ARM.attributes
                0x000000b2       0x30 build/default/debug/_ext/1360937237/pic32cmls60-curiosity-buttons.o
 .ARM.attributes
                0x000000e2       0x30 build/default/debug/_ext/1360937237/pic32cmls60-curiosity-led.o
 .ARM.attributes
                0x00000112       0x30 build/default/debug/_ext/1360937237/pic32cmls60-curiosity-commands.o
 .ARM.attributes
                0x00000142       0x30 build/default/debug/_ext/1414040249/az_json_reader.o
 .ARM.attributes
                0x00000172       0x30 build/default/debug/_ext/1414040249/az_json_token.o
 .ARM.attributes
                0x000001a2       0x30 build/default/debug/_ext/1414040249/az_json_writer.o
 .ARM.attributes
                0x000001d2       0x30 build/default/debug/_ext/1414040249/az_log.o
 .ARM.attributes
                0x00000202       0x30 build/default/debug/_ext/1414040249/az_precondition.o
 .ARM.attributes
                0x00000232       0x30 build/default/debug/_ext/1414040249/az_span.o
 .ARM.attributes
                0x00000262       0x30 build/default/debug/_ext/1292534426/az_iot_common.o
 .ARM.attributes
                0x00000292       0x30 build/default/debug/_ext/1292534426/az_iot_hub_client.o
 .ARM.attributes
                0x000002c2       0x30 build/default/debug/_ext/1292534426/az_iot_hub_client_commands.o
 .ARM.attributes
                0x000002f2       0x30 build/default/debug/_ext/1292534426/az_iot_hub_client_methods.o
 .ARM.attributes
                0x00000322       0x30 build/default/debug/_ext/1292534426/az_iot_hub_client_properties.o
 .ARM.attributes
                0x00000352       0x30 build/default/debug/_ext/1292534426/az_iot_hub_client_telemetry.o
 .ARM.attributes
                0x00000382       0x30 build/default/debug/_ext/1292534426/az_iot_hub_client_twin.o
 .ARM.attributes
                0x000003b2       0x30 build/default/debug/_ext/1292534426/az_iot_provisioning_client.o
 .ARM.attributes
                0x000003e2       0x30 build/default/debug/_ext/1434821282/bsp.o
 .ARM.attributes
                0x00000412       0x30 build/default/debug/_ext/60163342/plib_adc.o
 .ARM.attributes
                0x00000442       0x30 build/default/debug/_ext/60167341/plib_eic.o
 .ARM.attributes
                0x00000472       0x30 build/default/debug/_ext/1865468468/plib_nvic.o
 .ARM.attributes
                0x000004a2       0x30 build/default/debug/_ext/504274921/plib_sercom3_usart.o
 .ARM.attributes
                0x000004d2       0x30 build/default/debug/_ext/504274921/plib_sercom2_usart.o
 .ARM.attributes
                0x00000502       0x30 build/default/debug/_ext/1827571544/plib_systick.o
 .ARM.attributes
                0x00000532       0x30 build/default/debug/_ext/163028504/xc32_monitor.o
 .ARM.attributes
                0x00000562       0x30 build/default/debug/_ext/1171490990/initialization.o
 .ARM.attributes
                0x00000592       0x30 build/default/debug/_ext/1171490990/interrupts.o
 .ARM.attributes
                0x000005c2       0x30 build/default/debug/_ext/1171490990/exceptions.o
 .ARM.attributes
                0x000005f2       0x30 build/default/debug/_ext/1171490990/startup_xc32.o
 .ARM.attributes
                0x00000622       0x30 build/default/debug/_ext/1171490990/libc_syscalls.o
 .ARM.attributes
                0x00000652       0x30 /Applications/microchip/xc32/v4.10/bin/bin/../../lib/gcc/pic32c/8.3.1/../../../../pic32c/lib/thumb/v8-m.base/nofp/libpic32c.a(data_init.o)
 .ARM.attributes
                0x00000682       0x30 /Applications/microchip/xc32/v4.10/bin/bin/../../lib/gcc/pic32c/8.3.1/../../../../pic32c/lib/thumb/v8-m.base/nofp/libm-emfloat.a(lib_a-_MODF.o)
 .ARM.attributes
                0x000006b2       0x20 /Applications/microchip/xc32/v4.10/bin/bin/../../lib/gcc/pic32c/8.3.1/../../../../pic32c/lib/thumb/v8-m.base/nofp/libm-emfloat.a(floatasmops_arm.o)
 .ARM.attributes
                0x000006d2       0x32 /Applications/microchip/xc32/v4.10/bin/bin/../../lib/gcc/pic32c/8.3.1/../../../../pic32c/lib/thumb/v8-m.base/nofp/libg-musl.a(isxdigit.o)
 .ARM.attributes
                0x00000704       0x32 /Applications/microchip/xc32/v4.10/bin/bin/../../lib/gcc/pic32c/8.3.1/../../../../pic32c/lib/thumb/v8-m.base/nofp/libg-musl.a(__libc_start_main.o)
 .ARM.attributes
                0x00000736       0x32 /Applications/microchip/xc32/v4.10/bin/bin/../../lib/gcc/pic32c/8.3.1/../../../../pic32c/lib/thumb/v8-m.base/nofp/libg-musl.a(exit.o)
 .ARM.attributes
                0x00000768       0x32 /Applications/microchip/xc32/v4.10/bin/bin/../../lib/gcc/pic32c/8.3.1/../../../../pic32c/lib/thumb/v8-m.base/nofp/libg-musl.a(libc.o)
 .ARM.attributes
                0x0000079a       0x32 /Applications/microchip/xc32/v4.10/bin/bin/../../lib/gcc/pic32c/8.3.1/../../../../pic32c/lib/thumb/v8-m.base/nofp/libg-musl.a(malloc.o)
 .ARM.attributes
                0x000007cc       0x32 /Applications/microchip/xc32/v4.10/bin/bin/../../lib/gcc/pic32c/8.3.1/../../../../pic32c/lib/thumb/v8-m.base/nofp/libg-musl.a(expand_heap.o)
 .ARM.attributes
                0x000007fe       0x32 /Applications/microchip/xc32/v4.10/bin/bin/../../lib/gcc/pic32c/8.3.1/../../../../pic32c/lib/thumb/v8-m.base/nofp/libg-musl.a(__fmt_d.o)
 .ARM.attributes
                0x00000830       0x32 /Applications/microchip/xc32/v4.10/bin/bin/../../lib/gcc/pic32c/8.3.1/../../../../pic32c/lib/thumb/v8-m.base/nofp/libg-musl.a(__fmt_fp.o)
 .ARM.attributes
                0x00000862       0x32 /Applications/microchip/xc32/v4.10/bin/bin/../../lib/gcc/pic32c/8.3.1/../../../../pic32c/lib/thumb/v8-m.base/nofp/libg-musl.a(__fmt_o.o)
 .ARM.attributes
                0x00000894       0x32 /Applications/microchip/xc32/v4.10/bin/bin/../../lib/gcc/pic32c/8.3.1/../../../../pic32c/lib/thumb/v8-m.base/nofp/libg-musl.a(__fmt_s.o)
 .ARM.attributes
                0x000008c6       0x32 /Applications/microchip/xc32/v4.10/bin/bin/../../lib/gcc/pic32c/8.3.1/../../../../pic32c/lib/thumb/v8-m.base/nofp/libg-musl.a(__fmt_u.o)
 .ARM.attributes
                0x000008f8       0x32 /Applications/microchip/xc32/v4.10/bin/bin/../../lib/gcc/pic32c/8.3.1/../../../../pic32c/lib/thumb/v8-m.base/nofp/libg-musl.a(__fmt_x.o)
 .ARM.attributes
                0x0000092a       0x32 /Applications/microchip/xc32/v4.10/bin/bin/../../lib/gcc/pic32c/8.3.1/../../../../pic32c/lib/thumb/v8-m.base/nofp/libg-musl.a(__printf_core.o)
 .ARM.attributes
                0x0000095c       0x32 /Applications/microchip/xc32/v4.10/bin/bin/../../lib/gcc/pic32c/8.3.1/../../../../pic32c/lib/thumb/v8-m.base/nofp/libg-musl.a(fflush.o)
 .ARM.attributes
                0x0000098e       0x32 /Applications/microchip/xc32/v4.10/bin/bin/../../lib/gcc/pic32c/8.3.1/../../../../pic32c/lib/thumb/v8-m.base/nofp/libg-musl.a(fwrite.o)
 .ARM.attributes
                0x000009c0       0x32 /Applications/microchip/xc32/v4.10/bin/bin/../../lib/gcc/pic32c/8.3.1/../../../../pic32c/lib/thumb/v8-m.base/nofp/libg-musl.a(putc.o)
 .ARM.attributes
                0x000009f2       0x32 /Applications/microchip/xc32/v4.10/bin/bin/../../lib/gcc/pic32c/8.3.1/../../../../pic32c/lib/thumb/v8-m.base/nofp/libg-musl.a(sscanf.o)
 .ARM.attributes
                0x00000a24       0x32 /Applications/microchip/xc32/v4.10/bin/bin/../../lib/gcc/pic32c/8.3.1/../../../../pic32c/lib/thumb/v8-m.base/nofp/libg-musl.a(stdin.o)
 .ARM.attributes
                0x00000a56       0x32 /Applications/microchip/xc32/v4.10/bin/bin/../../lib/gcc/pic32c/8.3.1/../../../../pic32c/lib/thumb/v8-m.base/nofp/libg-musl.a(stdout.o)
 .ARM.attributes
                0x00000a88       0x32 /Applications/microchip/xc32/v4.10/bin/bin/../../lib/gcc/pic32c/8.3.1/../../../../pic32c/lib/thumb/v8-m.base/nofp/libg-musl.a(vsscanf.o)
 .ARM.attributes
                0x00000aba       0x32 /Applications/microchip/xc32/v4.10/bin/bin/../../lib/gcc/pic32c/8.3.1/../../../../pic32c/lib/thumb/v8-m.base/nofp/libg-musl.a(puts.o)
 .ARM.attributes
                0x00000aec       0x32 /Applications/microchip/xc32/v4.10/bin/bin/../../lib/gcc/pic32c/8.3.1/../../../../pic32c/lib/thumb/v8-m.base/nofp/libg-musl.a(setbuf.o)
 .ARM.attributes
                0x00000b1e       0x32 /Applications/microchip/xc32/v4.10/bin/bin/../../lib/gcc/pic32c/8.3.1/../../../../pic32c/lib/thumb/v8-m.base/nofp/libg-musl.a(atoi.o)
 .ARM.attributes
                0x00000b50       0x32 /Applications/microchip/xc32/v4.10/bin/bin/../../lib/gcc/pic32c/8.3.1/../../../../pic32c/lib/thumb/v8-m.base/nofp/libg-musl.a(div.o)
 .ARM.attributes
                0x00000b82       0x32 /Applications/microchip/xc32/v4.10/bin/bin/../../lib/gcc/pic32c/8.3.1/../../../../pic32c/lib/thumb/v8-m.base/nofp/libg-musl.a(memcmp.o)
 .ARM.attributes
                0x00000bb4       0x32 /Applications/microchip/xc32/v4.10/bin/bin/../../lib/gcc/pic32c/8.3.1/../../../../pic32c/lib/thumb/v8-m.base/nofp/libg-musl.a(memcpy.o)
 .ARM.attributes
                0x00000be6       0x32 /Applications/microchip/xc32/v4.10/bin/bin/../../lib/gcc/pic32c/8.3.1/../../../../pic32c/lib/thumb/v8-m.base/nofp/libg-musl.a(memmove.o)
 .ARM.attributes
                0x00000c18       0x32 /Applications/microchip/xc32/v4.10/bin/bin/../../lib/gcc/pic32c/8.3.1/../../../../pic32c/lib/thumb/v8-m.base/nofp/libg-musl.a(memset.o)
 .ARM.attributes
                0x00000c4a       0x32 /Applications/microchip/xc32/v4.10/bin/bin/../../lib/gcc/pic32c/8.3.1/../../../../pic32c/lib/thumb/v8-m.base/nofp/libg-musl.a(strlen.o)
 .ARM.attributes
                0x00000c7c       0x32 /Applications/microchip/xc32/v4.10/bin/bin/../../lib/gcc/pic32c/8.3.1/../../../../pic32c/lib/thumb/v8-m.base/nofp/libg-musl.a(strcpy.o)
 .ARM.attributes
                0x00000cae       0x32 /Applications/microchip/xc32/v4.10/bin/bin/../../lib/gcc/pic32c/8.3.1/../../../../pic32c/lib/thumb/v8-m.base/nofp/libg-musl.a(strlcat.o)
 .ARM.attributes
                0x00000ce0       0x32 /Applications/microchip/xc32/v4.10/bin/bin/../../lib/gcc/pic32c/8.3.1/../../../../pic32c/lib/thumb/v8-m.base/nofp/libg-musl.a(strlcpy.o)
 .ARM.attributes
                0x00000d12       0x32 /Applications/microchip/xc32/v4.10/bin/bin/../../lib/gcc/pic32c/8.3.1/../../../../pic32c/lib/thumb/v8-m.base/nofp/libg-musl.a(strnlen.o)
 .ARM.attributes
                0x00000d44       0x32 /Applications/microchip/xc32/v4.10/bin/bin/../../lib/gcc/pic32c/8.3.1/../../../../pic32c/lib/thumb/v8-m.base/nofp/libg-musl.a(localtime.o)
 .ARM.attributes
                0x00000d76       0x32 /Applications/microchip/xc32/v4.10/bin/bin/../../lib/gcc/pic32c/8.3.1/../../../../pic32c/lib/thumb/v8-m.base/nofp/libg-musl.a(strftime.o)
 .ARM.attributes
                0x00000da8       0x32 /Applications/microchip/xc32/v4.10/bin/bin/../../lib/gcc/pic32c/8.3.1/../../../../pic32c/lib/thumb/v8-m.base/nofp/libg-musl.a(time.o)
 .ARM.attributes
                0x00000dda       0x32 /Applications/microchip/xc32/v4.10/bin/bin/../../lib/gcc/pic32c/8.3.1/../../../../pic32c/lib/thumb/v8-m.base/nofp/libg-musl.a(tolower.o)
 .ARM.attributes
                0x00000e0c       0x32 /Applications/microchip/xc32/v4.10/bin/bin/../../lib/gcc/pic32c/8.3.1/../../../../pic32c/lib/thumb/v8-m.base/nofp/libg-musl.a(toupper.o)
 .ARM.attributes
                0x00000e3e       0x32 /Applications/microchip/xc32/v4.10/bin/bin/../../lib/gcc/pic32c/8.3.1/../../../../pic32c/lib/thumb/v8-m.base/nofp/libg-musl.a(__environ.o)
 .ARM.attributes
                0x00000e70       0x32 /Applications/microchip/xc32/v4.10/bin/bin/../../lib/gcc/pic32c/8.3.1/../../../../pic32c/lib/thumb/v8-m.base/nofp/libg-musl.a(__errno_location.o)
 .ARM.attributes
                0x00000ea2       0x32 /Applications/microchip/xc32/v4.10/bin/bin/../../lib/gcc/pic32c/8.3.1/../../../../pic32c/lib/thumb/v8-m.base/nofp/libg-musl.a(_Exit.o)
 .ARM.attributes
                0x00000ed4       0x32 /Applications/microchip/xc32/v4.10/bin/bin/../../lib/gcc/pic32c/8.3.1/../../../../pic32c/lib/thumb/v8-m.base/nofp/libg-musl.a(langinfo.o)
 .ARM.attributes
                0x00000f06       0x32 /Applications/microchip/xc32/v4.10/bin/bin/../../lib/gcc/pic32c/8.3.1/../../../../pic32c/lib/thumb/v8-m.base/nofp/libg-musl.a(c_locale.o)
 .ARM.attributes
                0x00000f38       0x32 /Applications/microchip/xc32/v4.10/bin/bin/../../lib/gcc/pic32c/8.3.1/../../../../pic32c/lib/thumb/v8-m.base/nofp/libg-musl.a(__string_read.o)
 .ARM.attributes
                0x00000f6a       0x32 /Applications/microchip/xc32/v4.10/bin/bin/../../lib/gcc/pic32c/8.3.1/../../../../pic32c/lib/thumb/v8-m.base/nofp/libg-musl.a(fputs.o)
 .ARM.attributes
                0x00000f9c       0x32 /Applications/microchip/xc32/v4.10/bin/bin/../../lib/gcc/pic32c/8.3.1/../../../../pic32c/lib/thumb/v8-m.base/nofp/libg-musl.a(__out.o)
 .ARM.attributes
                0x00000fce       0x32 /Applications/microchip/xc32/v4.10/bin/bin/../../lib/gcc/pic32c/8.3.1/../../../../pic32c/lib/thumb/v8-m.base/nofp/libg-musl.a(__pop_float.o)
 .ARM.attributes
                0x00001000       0x32 /Applications/microchip/xc32/v4.10/bin/bin/../../lib/gcc/pic32c/8.3.1/../../../../pic32c/lib/thumb/v8-m.base/nofp/libg-musl.a(__pop_int.o)
 .ARM.attributes
                0x00001032       0x32 /Applications/microchip/xc32/v4.10/bin/bin/../../lib/gcc/pic32c/8.3.1/../../../../pic32c/lib/thumb/v8-m.base/nofp/libg-musl.a(__pop_ptr.o)
 .ARM.attributes
                0x00001064       0x32 /Applications/microchip/xc32/v4.10/bin/bin/../../lib/gcc/pic32c/8.3.1/../../../../pic32c/lib/thumb/v8-m.base/nofp/libg-musl.a(__stdio_read.o)
 .ARM.attributes
                0x00001096       0x32 /Applications/microchip/xc32/v4.10/bin/bin/../../lib/gcc/pic32c/8.3.1/../../../../pic32c/lib/thumb/v8-m.base/nofp/libg-musl.a(__towrite_rw.o)
 .ARM.attributes
                0x000010c8       0x32 /Applications/microchip/xc32/v4.10/bin/bin/../../lib/gcc/pic32c/8.3.1/../../../../pic32c/lib/thumb/v8-m.base/nofp/libg-musl.a(setvbuf.o)
 .ARM.attributes
                0x000010fa       0x32 /Applications/microchip/xc32/v4.10/bin/bin/../../lib/gcc/pic32c/8.3.1/../../../../pic32c/lib/thumb/v8-m.base/nofp/libg-musl.a(vfscanf.o)
 .ARM.attributes
                0x0000112c       0x32 /Applications/microchip/xc32/v4.10/bin/bin/../../lib/gcc/pic32c/8.3.1/../../../../pic32c/lib/thumb/v8-m.base/nofp/libg-musl.a(snprintf.o)
 .ARM.attributes
                0x0000115e       0x32 /Applications/microchip/xc32/v4.10/bin/bin/../../lib/gcc/pic32c/8.3.1/../../../../pic32c/lib/thumb/v8-m.base/nofp/libg-musl.a(abs.o)
 .ARM.attributes
                0x00001190       0x32 /Applications/microchip/xc32/v4.10/bin/bin/../../lib/gcc/pic32c/8.3.1/../../../../pic32c/lib/thumb/v8-m.base/nofp/libg-musl.a(strtol.o)
 .ARM.attributes
                0x000011c2       0x32 /Applications/microchip/xc32/v4.10/bin/bin/../../lib/gcc/pic32c/8.3.1/../../../../pic32c/lib/thumb/v8-m.base/nofp/libg-musl.a(memchr.o)
 .ARM.attributes
                0x000011f4       0x32 /Applications/microchip/xc32/v4.10/bin/bin/../../lib/gcc/pic32c/8.3.1/../../../../pic32c/lib/thumb/v8-m.base/nofp/libg-musl.a(stpcpy.o)
 .ARM.attributes
                0x00001226       0x32 /Applications/microchip/xc32/v4.10/bin/bin/../../lib/gcc/pic32c/8.3.1/../../../../pic32c/lib/thumb/v8-m.base/nofp/libg-musl.a(__tm_to_secs.o)
 .ARM.attributes
                0x00001258       0x32 /Applications/microchip/xc32/v4.10/bin/bin/../../lib/gcc/pic32c/8.3.1/../../../../pic32c/lib/thumb/v8-m.base/nofp/libg-musl.a(__year_to_secs.o)
 .ARM.attributes
                0x0000128a       0x32 /Applications/microchip/xc32/v4.10/bin/bin/../../lib/gcc/pic32c/8.3.1/../../../../pic32c/lib/thumb/v8-m.base/nofp/libg-musl.a(__tz.o)
 .ARM.attributes
                0x000012bc       0x32 /Applications/microchip/xc32/v4.10/bin/bin/../../lib/gcc/pic32c/8.3.1/../../../../pic32c/lib/thumb/v8-m.base/nofp/libg-musl.a(clock_gettime.o)
 .ARM.attributes
                0x000012ee       0x32 /Applications/microchip/xc32/v4.10/bin/bin/../../lib/gcc/pic32c/8.3.1/../../../../pic32c/lib/thumb/v8-m.base/nofp/libg-musl.a(gettimeofday.o)
 .ARM.attributes
                0x00001320       0x32 /Applications/microchip/xc32/v4.10/bin/bin/../../lib/gcc/pic32c/8.3.1/../../../../pic32c/lib/thumb/v8-m.base/nofp/libg-musl.a(gmtime_r.o)
 .ARM.attributes
                0x00001352       0x32 /Applications/microchip/xc32/v4.10/bin/bin/../../lib/gcc/pic32c/8.3.1/../../../../pic32c/lib/thumb/v8-m.base/nofp/libg-musl.a(readv.o)
 .ARM.attributes
                0x00001384       0x32 /Applications/microchip/xc32/v4.10/bin/bin/../../lib/gcc/pic32c/8.3.1/../../../../pic32c/lib/thumb/v8-m.base/nofp/libg-musl.a(intscan.o)
 .ARM.attributes
                0x000013b6       0x32 /Applications/microchip/xc32/v4.10/bin/bin/../../lib/gcc/pic32c/8.3.1/../../../../pic32c/lib/thumb/v8-m.base/nofp/libg-musl.a(syscall_ret.o)
 .ARM.attributes
                0x000013e8       0x32 /Applications/microchip/xc32/v4.10/bin/bin/../../lib/gcc/pic32c/8.3.1/../../../../pic32c/lib/thumb/v8-m.base/nofp/libg-musl.a(shgetc.o)
 .ARM.attributes
                0x0000141a       0x32 /Applications/microchip/xc32/v4.10/bin/bin/../../lib/gcc/pic32c/8.3.1/../../../../pic32c/lib/thumb/v8-m.base/nofp/libg-musl.a(__uflow.o)
 .ARM.attributes
                0x0000144c       0x32 /Applications/microchip/xc32/v4.10/bin/bin/../../lib/gcc/pic32c/8.3.1/../../../../pic32c/lib/thumb/v8-m.base/nofp/libg-musl.a(__init_stdio.o)
 .ARM.attributes
                0x0000147e       0x32 /Applications/microchip/xc32/v4.10/bin/bin/../../lib/gcc/pic32c/8.3.1/../../../../pic32c/lib/thumb/v8-m.base/nofp/libg-musl.a(__putc.o)
 .ARM.attributes
                0x000014b0       0x32 /Applications/microchip/xc32/v4.10/bin/bin/../../lib/gcc/pic32c/8.3.1/../../../../pic32c/lib/thumb/v8-m.base/nofp/libg-musl.a(__scan_d.o)
 .ARM.attributes
                0x000014e2       0x32 /Applications/microchip/xc32/v4.10/bin/bin/../../lib/gcc/pic32c/8.3.1/../../../../pic32c/lib/thumb/v8-m.base/nofp/libg-musl.a(__scan_fp.o)
 .ARM.attributes
                0x00001514       0x32 /Applications/microchip/xc32/v4.10/bin/bin/../../lib/gcc/pic32c/8.3.1/../../../../pic32c/lib/thumb/v8-m.base/nofp/libg-musl.a(__scan_i.o)
 .ARM.attributes
                0x00001546       0x32 /Applications/microchip/xc32/v4.10/bin/bin/../../lib/gcc/pic32c/8.3.1/../../../../pic32c/lib/thumb/v8-m.base/nofp/libg-musl.a(__scan_o.o)
 .ARM.attributes
                0x00001578       0x32 /Applications/microchip/xc32/v4.10/bin/bin/../../lib/gcc/pic32c/8.3.1/../../../../pic32c/lib/thumb/v8-m.base/nofp/libg-musl.a(__scan_s.o)
 .ARM.attributes
                0x000015aa       0x32 /Applications/microchip/xc32/v4.10/bin/bin/../../lib/gcc/pic32c/8.3.1/../../../../pic32c/lib/thumb/v8-m.base/nofp/libg-musl.a(__scan_u.o)
 .ARM.attributes
                0x000015dc       0x32 /Applications/microchip/xc32/v4.10/bin/bin/../../lib/gcc/pic32c/8.3.1/../../../../pic32c/lib/thumb/v8-m.base/nofp/libg-musl.a(__scan_x.o)
 .ARM.attributes
                0x0000160e       0x32 /Applications/microchip/xc32/v4.10/bin/bin/../../lib/gcc/pic32c/8.3.1/../../../../pic32c/lib/thumb/v8-m.base/nofp/libg-musl.a(__scanf_core.o)
 .ARM.attributes
                0x00001640       0x32 /Applications/microchip/xc32/v4.10/bin/bin/../../lib/gcc/pic32c/8.3.1/../../../../pic32c/lib/thumb/v8-m.base/nofp/libg-musl.a(__stderr.o)
 .ARM.attributes
                0x00001672       0x32 /Applications/microchip/xc32/v4.10/bin/bin/../../lib/gcc/pic32c/8.3.1/../../../../pic32c/lib/thumb/v8-m.base/nofp/libg-musl.a(__stdio_close.o)
 .ARM.attributes
                0x000016a4       0x32 /Applications/microchip/xc32/v4.10/bin/bin/../../lib/gcc/pic32c/8.3.1/../../../../pic32c/lib/thumb/v8-m.base/nofp/libg-musl.a(__stdio_exit.o)
 .ARM.attributes
                0x000016d6       0x32 /Applications/microchip/xc32/v4.10/bin/bin/../../lib/gcc/pic32c/8.3.1/../../../../pic32c/lib/thumb/v8-m.base/nofp/libg-musl.a(__stdio_write.o)
 .ARM.attributes
                0x00001708       0x32 /Applications/microchip/xc32/v4.10/bin/bin/../../lib/gcc/pic32c/8.3.1/../../../../pic32c/lib/thumb/v8-m.base/nofp/libg-musl.a(__stdout.o)
 .ARM.attributes
                0x0000173a       0x32 /Applications/microchip/xc32/v4.10/bin/bin/../../lib/gcc/pic32c/8.3.1/../../../../pic32c/lib/thumb/v8-m.base/nofp/libg-musl.a(__towrite.o)
 .ARM.attributes
                0x0000176c       0x32 /Applications/microchip/xc32/v4.10/bin/bin/../../lib/gcc/pic32c/8.3.1/../../../../pic32c/lib/thumb/v8-m.base/nofp/libg-musl.a(vsnprintf.o)
 .ARM.attributes
                0x0000179e       0x32 /Applications/microchip/xc32/v4.10/bin/bin/../../lib/gcc/pic32c/8.3.1/../../../../pic32c/lib/thumb/v8-m.base/nofp/libg-musl.a(strtod.o)
 .ARM.attributes
                0x000017d0       0x32 /Applications/microchip/xc32/v4.10/bin/bin/../../lib/gcc/pic32c/8.3.1/../../../../pic32c/lib/thumb/v8-m.base/nofp/libg-musl.a(__month_to_secs.o)
 .ARM.attributes
                0x00001802       0x32 /Applications/microchip/xc32/v4.10/bin/bin/../../lib/gcc/pic32c/8.3.1/../../../../pic32c/lib/thumb/v8-m.base/nofp/libg-musl.a(__secs_to_tm.o)
 .ARM.attributes
                0x00001834       0x32 /Applications/microchip/xc32/v4.10/bin/bin/../../lib/gcc/pic32c/8.3.1/../../../../pic32c/lib/thumb/v8-m.base/nofp/libg-musl.a(writev.o)
 .ARM.attributes
                0x00001866       0x32 /Applications/microchip/xc32/v4.10/bin/bin/../../lib/gcc/pic32c/8.3.1/../../../../pic32c/lib/thumb/v8-m.base/nofp/libg-musl.a(floatscan.o)
 .ARM.attributes
                0x00001898       0x32 /Applications/microchip/xc32/v4.10/bin/bin/../../lib/gcc/pic32c/8.3.1/../../../../pic32c/lib/thumb/v8-m.base/nofp/libg-musl.a(__overflow.o)
 .ARM.attributes
                0x000018ca       0x32 /Applications/microchip/xc32/v4.10/bin/bin/../../lib/gcc/pic32c/8.3.1/../../../../pic32c/lib/thumb/v8-m.base/nofp/libg-musl.a(__toread.o)
 .ARM.attributes
                0x000018fc       0x32 /Applications/microchip/xc32/v4.10/bin/bin/../../lib/gcc/pic32c/8.3.1/../../../../pic32c/lib/thumb/v8-m.base/nofp/libg-musl.a(__fclose.o)
 .ARM.attributes
                0x0000192e       0x32 /Applications/microchip/xc32/v4.10/bin/bin/../../lib/gcc/pic32c/8.3.1/../../../../pic32c/lib/thumb/v8-m.base/nofp/libg-musl.a(__fwrite.o)
 .ARM.attributes
                0x00001960       0x32 /Applications/microchip/xc32/v4.10/bin/bin/../../lib/gcc/pic32c/8.3.1/../../../../pic32c/lib/thumb/v8-m.base/nofp/libg-musl.a(__push_float.o)
 .ARM.attributes
                0x00001992       0x32 /Applications/microchip/xc32/v4.10/bin/bin/../../lib/gcc/pic32c/8.3.1/../../../../pic32c/lib/thumb/v8-m.base/nofp/libg-musl.a(__push_int.o)
 .ARM.attributes
                0x000019c4       0x32 /Applications/microchip/xc32/v4.10/bin/bin/../../lib/gcc/pic32c/8.3.1/../../../../pic32c/lib/thumb/v8-m.base/nofp/libg-musl.a(vfprintf.o)
 .ARM.attributes
                0x000019f6       0x32 /Applications/microchip/xc32/v4.10/bin/bin/../../lib/gcc/pic32c/8.3.1/../../../../pic32c/lib/thumb/v8-m.base/nofp/libg-musl.a(__fmt_a.o)
 .ARM.attributes
                0x00001a28       0x32 /Applications/microchip/xc32/v4.10/bin/bin/../../lib/gcc/pic32c/8.3.1/../../../../pic32c/lib/thumb/v8-m.base/nofp/libc-musl.a(fprintf.o)
 .ARM.attributes
                0x00001a5a       0x32 /Applications/microchip/xc32/v4.10/bin/bin/../../lib/gcc/pic32c/8.3.1/../../../../pic32c/lib/thumb/v8-m.base/nofp/libc-musl.a(printf.o)
 .ARM.attributes
                0x00001a8c       0x30 /Applications/microchip/xc32/v4.10/bin/bin/../../lib/gcc/pic32c/8.3.1/../../../../pic32c/lib/thumb/v8-m.base/nofp/libm-emfloat.a(lib_a-_SCALBN.o)
 .ARM.attributes
                0x00001abc       0x30 /Applications/microchip/xc32/v4.10/bin/bin/../../lib/gcc/pic32c/8.3.1/../../../../pic32c/lib/thumb/v8-m.base/nofp/libm-emfloat.a(lib_a-_FLOOR.o)
 .ARM.attributes
                0x00001aec       0x30 /Applications/microchip/xc32/v4.10/bin/bin/../../lib/gcc/pic32c/8.3.1/../../../../pic32c/lib/thumb/v8-m.base/nofp/libm-emfloat.a(lib_a-_FMOD.o)
 .ARM.attributes
                0x00001b1c       0x30 /Applications/microchip/xc32/v4.10/bin/bin/../../lib/gcc/pic32c/8.3.1/../../../../pic32c/lib/thumb/v8-m.base/nofp/libm-emfloat.a(lib_a-_FABS.o)
 .ARM.attributes
                0x00001b4c       0x30 /Applications/microchip/xc32/v4.10/bin/bin/../../lib/gcc/pic32c/8.3.1/../../../../pic32c/lib/thumb/v8-m.base/nofp/libm-emfloat.a(lib_a-_FMA.o)
 .ARM.attributes
                0x00001b7c       0x30 /Applications/microchip/xc32/v4.10/bin/bin/../../lib/gcc/pic32c/8.3.1/../../../../pic32c/lib/thumb/v8-m.base/nofp/libm-emfloat.a(lib_a-_COPYSIGN.o)
 .ARM.attributes
                0x00001bac       0x22 /Applications/microchip/xc32/v4.10/bin/bin/../../lib/gcc/pic32c/8.3.1/thumb/v8-m.base/nofp/libgcc.a(_thumb1_case_uhi.o)
 .ARM.attributes
                0x00001bce       0x22 /Applications/microchip/xc32/v4.10/bin/bin/../../lib/gcc/pic32c/8.3.1/thumb/v8-m.base/nofp/libgcc.a(_lshrdi3.o)
 .ARM.attributes
                0x00001bf0       0x22 /Applications/microchip/xc32/v4.10/bin/bin/../../lib/gcc/pic32c/8.3.1/thumb/v8-m.base/nofp/libgcc.a(_ashldi3.o)
 .ARM.attributes
                0x00001c12       0x22 /Applications/microchip/xc32/v4.10/bin/bin/../../lib/gcc/pic32c/8.3.1/thumb/v8-m.base/nofp/libgcc.a(_aeabi_ldivmod.o)
 .ARM.attributes
                0x00001c34       0x22 /Applications/microchip/xc32/v4.10/bin/bin/../../lib/gcc/pic32c/8.3.1/thumb/v8-m.base/nofp/libgcc.a(_aeabi_uldivmod.o)
 .ARM.attributes
                0x00001c56       0x30 /Applications/microchip/xc32/v4.10/bin/bin/../../lib/gcc/pic32c/8.3.1/thumb/v8-m.base/nofp/libgcc.a(_muldi3.o)
 .ARM.attributes
                0x00001c86       0x30 /Applications/microchip/xc32/v4.10/bin/bin/../../lib/gcc/pic32c/8.3.1/thumb/v8-m.base/nofp/libgcc.a(_udivmoddi4.o)
 .ARM.attributes
                0x00001cb6       0x30 /Applications/microchip/xc32/v4.10/bin/bin/../../lib/gcc/pic32c/8.3.1/thumb/v8-m.base/nofp/libgcc.a(bpabi.o)
 .ARM.attributes
                0x00001ce6       0x22 /Applications/microchip/xc32/v4.10/bin/bin/../../lib/gcc/pic32c/8.3.1/thumb/v8-m.base/nofp/libgcc.a(_dvmd_tls.o)
 .ARM.attributes
                0x00001d08       0x22 /Applications/microchip/xc32/v4.10/bin/bin/../../lib/gcc/pic32c/8.3.1/thumb/v8-m.base/nofp/libgcc.a(_clzsi2.o)
 .ARM.attributes
                0x00001d2a       0x30 /Applications/microchip/xc32/v4.10/bin/bin/../../lib/gcc/pic32c/8.3.1/thumb/v8-m.base/nofp/libgcc.a(_divdi3.o)
 .ARM.attributes
                0x00001d5a       0x30 /Applications/microchip/xc32/v4.10/bin/bin/../../lib/gcc/pic32c/8.3.1/../../../../pic32c/lib/thumb/v8-m.base/nofp/libpic32c.a(close.o)
 .ARM.attributes
                0x00001d8a       0x30 /Applications/microchip/xc32/v4.10/bin/bin/../../lib/gcc/pic32c/8.3.1/../../../../pic32c/lib/thumb/v8-m.base/nofp/libpic32c.a(lseek.o)
 .ARM.attributes
                0x00001dba       0x30 /Applications/microchip/xc32/v4.10/bin/bin/../../lib/gcc/pic32c/8.3.1/../../../../pic32c/lib/thumb/v8-m.base/nofp/libpic32c.a(sbrk.o)
 .ARM.attributes
                0x00001dea       0x22 /Applications/microchip/xc32/v4.10/bin/bin/../../lib/gcc/pic32c/8.3.1/thumb/v8-m.base/nofp/crtn.o

.comment        0x00000000       0x2b
 .comment       0x00000000       0x2b /Applications/microchip/xc32/v4.10/bin/bin/../../lib/gcc/pic32c/8.3.1/thumb/v8-m.base/nofp/crtbegin.o
                                 0x2c (size before relaxing)
 .comment       0x0000002b       0x2c build/default/debug/_ext/1360937237/azure_iot_pnp_pic32cmls60-curiosity.o
 .comment       0x0000002b       0x2c build/default/debug/_ext/1360937237/main.o
 .comment       0x0000002b       0x2c build/default/debug/_ext/1360937237/pic32cmls60-curiosity-buttons.o
 .comment       0x0000002b       0x2c build/default/debug/_ext/1360937237/pic32cmls60-curiosity-led.o
 .comment       0x0000002b       0x2c build/default/debug/_ext/1360937237/pic32cmls60-curiosity-commands.o
 .comment       0x0000002b       0x2c build/default/debug/_ext/1414040249/az_json_reader.o
 .comment       0x0000002b       0x2c build/default/debug/_ext/1414040249/az_json_token.o
 .comment       0x0000002b       0x2c build/default/debug/_ext/1414040249/az_json_writer.o
 .comment       0x0000002b       0x2c build/default/debug/_ext/1414040249/az_log.o
 .comment       0x0000002b       0x2c build/default/debug/_ext/1414040249/az_precondition.o
 .comment       0x0000002b       0x2c build/default/debug/_ext/1414040249/az_span.o
 .comment       0x0000002b       0x2c build/default/debug/_ext/1292534426/az_iot_common.o
 .comment       0x0000002b       0x2c build/default/debug/_ext/1292534426/az_iot_hub_client.o
 .comment       0x0000002b       0x2c build/default/debug/_ext/1292534426/az_iot_hub_client_commands.o
 .comment       0x0000002b       0x2c build/default/debug/_ext/1292534426/az_iot_hub_client_methods.o
 .comment       0x0000002b       0x2c build/default/debug/_ext/1292534426/az_iot_hub_client_properties.o
 .comment       0x0000002b       0x2c build/default/debug/_ext/1292534426/az_iot_hub_client_telemetry.o
 .comment       0x0000002b       0x2c build/default/debug/_ext/1292534426/az_iot_hub_client_twin.o
 .comment       0x0000002b       0x2c build/default/debug/_ext/1292534426/az_iot_provisioning_client.o
 .comment       0x0000002b       0x2c build/default/debug/_ext/1434821282/bsp.o
 .comment       0x0000002b       0x2c build/default/debug/_ext/60163342/plib_adc.o
 .comment       0x0000002b       0x2c build/default/debug/_ext/60167341/plib_eic.o
 .comment       0x0000002b       0x2c build/default/debug/_ext/1865468468/plib_nvic.o
 .comment       0x0000002b       0x2c build/default/debug/_ext/504274921/plib_sercom3_usart.o
 .comment       0x0000002b       0x2c build/default/debug/_ext/504274921/plib_sercom2_usart.o
 .comment       0x0000002b       0x2c build/default/debug/_ext/1827571544/plib_systick.o
 .comment       0x0000002b       0x2c build/default/debug/_ext/163028504/xc32_monitor.o
 .comment       0x0000002b       0x2c build/default/debug/_ext/1171490990/initialization.o
 .comment       0x0000002b       0x2c build/default/debug/_ext/1171490990/interrupts.o
 .comment       0x0000002b       0x2c build/default/debug/_ext/1171490990/exceptions.o
 .comment       0x0000002b       0x2c build/default/debug/_ext/1171490990/startup_xc32.o
 .comment       0x0000002b       0x2c build/default/debug/_ext/1171490990/libc_syscalls.o
 .comment       0x0000002b       0x2c /Applications/microchip/xc32/v4.10/bin/bin/../../lib/gcc/pic32c/8.3.1/../../../../pic32c/lib/thumb/v8-m.base/nofp/libpic32c.a(data_init.o)
 .comment       0x0000002b       0x2c /Applications/microchip/xc32/v4.10/bin/bin/../../lib/gcc/pic32c/8.3.1/../../../../pic32c/lib/thumb/v8-m.base/nofp/libm-emfloat.a(lib_a-_MODF.o)
 .comment       0x0000002b       0x2c /Applications/microchip/xc32/v4.10/bin/bin/../../lib/gcc/pic32c/8.3.1/../../../../pic32c/lib/thumb/v8-m.base/nofp/libg-musl.a(isxdigit.o)
 .comment       0x0000002b       0x2c /Applications/microchip/xc32/v4.10/bin/bin/../../lib/gcc/pic32c/8.3.1/../../../../pic32c/lib/thumb/v8-m.base/nofp/libg-musl.a(__libc_start_main.o)
 .comment       0x0000002b       0x2c /Applications/microchip/xc32/v4.10/bin/bin/../../lib/gcc/pic32c/8.3.1/../../../../pic32c/lib/thumb/v8-m.base/nofp/libg-musl.a(exit.o)
 .comment       0x0000002b       0x2c /Applications/microchip/xc32/v4.10/bin/bin/../../lib/gcc/pic32c/8.3.1/../../../../pic32c/lib/thumb/v8-m.base/nofp/libg-musl.a(libc.o)
 .comment       0x0000002b       0x2c /Applications/microchip/xc32/v4.10/bin/bin/../../lib/gcc/pic32c/8.3.1/../../../../pic32c/lib/thumb/v8-m.base/nofp/libg-musl.a(malloc.o)
 .comment       0x0000002b       0x2c /Applications/microchip/xc32/v4.10/bin/bin/../../lib/gcc/pic32c/8.3.1/../../../../pic32c/lib/thumb/v8-m.base/nofp/libg-musl.a(expand_heap.o)
 .comment       0x0000002b       0x2c /Applications/microchip/xc32/v4.10/bin/bin/../../lib/gcc/pic32c/8.3.1/../../../../pic32c/lib/thumb/v8-m.base/nofp/libg-musl.a(__fmt_d.o)
 .comment       0x0000002b       0x2c /Applications/microchip/xc32/v4.10/bin/bin/../../lib/gcc/pic32c/8.3.1/../../../../pic32c/lib/thumb/v8-m.base/nofp/libg-musl.a(__fmt_fp.o)
 .comment       0x0000002b       0x2c /Applications/microchip/xc32/v4.10/bin/bin/../../lib/gcc/pic32c/8.3.1/../../../../pic32c/lib/thumb/v8-m.base/nofp/libg-musl.a(__fmt_o.o)
 .comment       0x0000002b       0x2c /Applications/microchip/xc32/v4.10/bin/bin/../../lib/gcc/pic32c/8.3.1/../../../../pic32c/lib/thumb/v8-m.base/nofp/libg-musl.a(__fmt_s.o)
 .comment       0x0000002b       0x2c /Applications/microchip/xc32/v4.10/bin/bin/../../lib/gcc/pic32c/8.3.1/../../../../pic32c/lib/thumb/v8-m.base/nofp/libg-musl.a(__fmt_u.o)
 .comment       0x0000002b       0x2c /Applications/microchip/xc32/v4.10/bin/bin/../../lib/gcc/pic32c/8.3.1/../../../../pic32c/lib/thumb/v8-m.base/nofp/libg-musl.a(__fmt_x.o)
 .comment       0x0000002b       0x2c /Applications/microchip/xc32/v4.10/bin/bin/../../lib/gcc/pic32c/8.3.1/../../../../pic32c/lib/thumb/v8-m.base/nofp/libg-musl.a(__printf_core.o)
 .comment       0x0000002b       0x2c /Applications/microchip/xc32/v4.10/bin/bin/../../lib/gcc/pic32c/8.3.1/../../../../pic32c/lib/thumb/v8-m.base/nofp/libg-musl.a(fflush.o)
 .comment       0x0000002b       0x2c /Applications/microchip/xc32/v4.10/bin/bin/../../lib/gcc/pic32c/8.3.1/../../../../pic32c/lib/thumb/v8-m.base/nofp/libg-musl.a(fwrite.o)
 .comment       0x0000002b       0x2c /Applications/microchip/xc32/v4.10/bin/bin/../../lib/gcc/pic32c/8.3.1/../../../../pic32c/lib/thumb/v8-m.base/nofp/libg-musl.a(putc.o)
 .comment       0x0000002b       0x2c /Applications/microchip/xc32/v4.10/bin/bin/../../lib/gcc/pic32c/8.3.1/../../../../pic32c/lib/thumb/v8-m.base/nofp/libg-musl.a(sscanf.o)
 .comment       0x0000002b       0x2c /Applications/microchip/xc32/v4.10/bin/bin/../../lib/gcc/pic32c/8.3.1/../../../../pic32c/lib/thumb/v8-m.base/nofp/libg-musl.a(stdin.o)
 .comment       0x0000002b       0x2c /Applications/microchip/xc32/v4.10/bin/bin/../../lib/gcc/pic32c/8.3.1/../../../../pic32c/lib/thumb/v8-m.base/nofp/libg-musl.a(stdout.o)
 .comment       0x0000002b       0x2c /Applications/microchip/xc32/v4.10/bin/bin/../../lib/gcc/pic32c/8.3.1/../../../../pic32c/lib/thumb/v8-m.base/nofp/libg-musl.a(vsscanf.o)
 .comment       0x0000002b       0x2c /Applications/microchip/xc32/v4.10/bin/bin/../../lib/gcc/pic32c/8.3.1/../../../../pic32c/lib/thumb/v8-m.base/nofp/libg-musl.a(puts.o)
 .comment       0x0000002b       0x2c /Applications/microchip/xc32/v4.10/bin/bin/../../lib/gcc/pic32c/8.3.1/../../../../pic32c/lib/thumb/v8-m.base/nofp/libg-musl.a(setbuf.o)
 .comment       0x0000002b       0x2c /Applications/microchip/xc32/v4.10/bin/bin/../../lib/gcc/pic32c/8.3.1/../../../../pic32c/lib/thumb/v8-m.base/nofp/libg-musl.a(atoi.o)
 .comment       0x0000002b       0x2c /Applications/microchip/xc32/v4.10/bin/bin/../../lib/gcc/pic32c/8.3.1/../../../../pic32c/lib/thumb/v8-m.base/nofp/libg-musl.a(div.o)
 .comment       0x0000002b       0x2c /Applications/microchip/xc32/v4.10/bin/bin/../../lib/gcc/pic32c/8.3.1/../../../../pic32c/lib/thumb/v8-m.base/nofp/libg-musl.a(memcmp.o)
 .comment       0x0000002b       0x2c /Applications/microchip/xc32/v4.10/bin/bin/../../lib/gcc/pic32c/8.3.1/../../../../pic32c/lib/thumb/v8-m.base/nofp/libg-musl.a(memcpy.o)
 .comment       0x0000002b       0x2c /Applications/microchip/xc32/v4.10/bin/bin/../../lib/gcc/pic32c/8.3.1/../../../../pic32c/lib/thumb/v8-m.base/nofp/libg-musl.a(memmove.o)
 .comment       0x0000002b       0x2c /Applications/microchip/xc32/v4.10/bin/bin/../../lib/gcc/pic32c/8.3.1/../../../../pic32c/lib/thumb/v8-m.base/nofp/libg-musl.a(memset.o)
 .comment       0x0000002b       0x2c /Applications/microchip/xc32/v4.10/bin/bin/../../lib/gcc/pic32c/8.3.1/../../../../pic32c/lib/thumb/v8-m.base/nofp/libg-musl.a(strlen.o)
 .comment       0x0000002b       0x2c /Applications/microchip/xc32/v4.10/bin/bin/../../lib/gcc/pic32c/8.3.1/../../../../pic32c/lib/thumb/v8-m.base/nofp/libg-musl.a(strcpy.o)
 .comment       0x0000002b       0x2c /Applications/microchip/xc32/v4.10/bin/bin/../../lib/gcc/pic32c/8.3.1/../../../../pic32c/lib/thumb/v8-m.base/nofp/libg-musl.a(strlcat.o)
 .comment       0x0000002b       0x2c /Applications/microchip/xc32/v4.10/bin/bin/../../lib/gcc/pic32c/8.3.1/../../../../pic32c/lib/thumb/v8-m.base/nofp/libg-musl.a(strlcpy.o)
 .comment       0x0000002b       0x2c /Applications/microchip/xc32/v4.10/bin/bin/../../lib/gcc/pic32c/8.3.1/../../../../pic32c/lib/thumb/v8-m.base/nofp/libg-musl.a(strnlen.o)
 .comment       0x0000002b       0x2c /Applications/microchip/xc32/v4.10/bin/bin/../../lib/gcc/pic32c/8.3.1/../../../../pic32c/lib/thumb/v8-m.base/nofp/libg-musl.a(localtime.o)
 .comment       0x0000002b       0x2c /Applications/microchip/xc32/v4.10/bin/bin/../../lib/gcc/pic32c/8.3.1/../../../../pic32c/lib/thumb/v8-m.base/nofp/libg-musl.a(strftime.o)
 .comment       0x0000002b       0x2c /Applications/microchip/xc32/v4.10/bin/bin/../../lib/gcc/pic32c/8.3.1/../../../../pic32c/lib/thumb/v8-m.base/nofp/libg-musl.a(time.o)
 .comment       0x0000002b       0x2c /Applications/microchip/xc32/v4.10/bin/bin/../../lib/gcc/pic32c/8.3.1/../../../../pic32c/lib/thumb/v8-m.base/nofp/libg-musl.a(tolower.o)
 .comment       0x0000002b       0x2c /Applications/microchip/xc32/v4.10/bin/bin/../../lib/gcc/pic32c/8.3.1/../../../../pic32c/lib/thumb/v8-m.base/nofp/libg-musl.a(toupper.o)
 .comment       0x0000002b       0x2c /Applications/microchip/xc32/v4.10/bin/bin/../../lib/gcc/pic32c/8.3.1/../../../../pic32c/lib/thumb/v8-m.base/nofp/libg-musl.a(__environ.o)
 .comment       0x0000002b       0x2c /Applications/microchip/xc32/v4.10/bin/bin/../../lib/gcc/pic32c/8.3.1/../../../../pic32c/lib/thumb/v8-m.base/nofp/libg-musl.a(__errno_location.o)
 .comment       0x0000002b       0x2c /Applications/microchip/xc32/v4.10/bin/bin/../../lib/gcc/pic32c/8.3.1/../../../../pic32c/lib/thumb/v8-m.base/nofp/libg-musl.a(_Exit.o)
 .comment       0x0000002b       0x2c /Applications/microchip/xc32/v4.10/bin/bin/../../lib/gcc/pic32c/8.3.1/../../../../pic32c/lib/thumb/v8-m.base/nofp/libg-musl.a(langinfo.o)
 .comment       0x0000002b       0x2c /Applications/microchip/xc32/v4.10/bin/bin/../../lib/gcc/pic32c/8.3.1/../../../../pic32c/lib/thumb/v8-m.base/nofp/libg-musl.a(c_locale.o)
 .comment       0x0000002b       0x2c /Applications/microchip/xc32/v4.10/bin/bin/../../lib/gcc/pic32c/8.3.1/../../../../pic32c/lib/thumb/v8-m.base/nofp/libg-musl.a(__string_read.o)
 .comment       0x0000002b       0x2c /Applications/microchip/xc32/v4.10/bin/bin/../../lib/gcc/pic32c/8.3.1/../../../../pic32c/lib/thumb/v8-m.base/nofp/libg-musl.a(fputs.o)
 .comment       0x0000002b       0x2c /Applications/microchip/xc32/v4.10/bin/bin/../../lib/gcc/pic32c/8.3.1/../../../../pic32c/lib/thumb/v8-m.base/nofp/libg-musl.a(__out.o)
 .comment       0x0000002b       0x2c /Applications/microchip/xc32/v4.10/bin/bin/../../lib/gcc/pic32c/8.3.1/../../../../pic32c/lib/thumb/v8-m.base/nofp/libg-musl.a(__pop_float.o)
 .comment       0x0000002b       0x2c /Applications/microchip/xc32/v4.10/bin/bin/../../lib/gcc/pic32c/8.3.1/../../../../pic32c/lib/thumb/v8-m.base/nofp/libg-musl.a(__pop_int.o)
 .comment       0x0000002b       0x2c /Applications/microchip/xc32/v4.10/bin/bin/../../lib/gcc/pic32c/8.3.1/../../../../pic32c/lib/thumb/v8-m.base/nofp/libg-musl.a(__pop_ptr.o)
 .comment       0x0000002b       0x2c /Applications/microchip/xc32/v4.10/bin/bin/../../lib/gcc/pic32c/8.3.1/../../../../pic32c/lib/thumb/v8-m.base/nofp/libg-musl.a(__stdio_read.o)
 .comment       0x0000002b       0x2c /Applications/microchip/xc32/v4.10/bin/bin/../../lib/gcc/pic32c/8.3.1/../../../../pic32c/lib/thumb/v8-m.base/nofp/libg-musl.a(__towrite_rw.o)
 .comment       0x0000002b       0x2c /Applications/microchip/xc32/v4.10/bin/bin/../../lib/gcc/pic32c/8.3.1/../../../../pic32c/lib/thumb/v8-m.base/nofp/libg-musl.a(setvbuf.o)
 .comment       0x0000002b       0x2c /Applications/microchip/xc32/v4.10/bin/bin/../../lib/gcc/pic32c/8.3.1/../../../../pic32c/lib/thumb/v8-m.base/nofp/libg-musl.a(vfscanf.o)
 .comment       0x0000002b       0x2c /Applications/microchip/xc32/v4.10/bin/bin/../../lib/gcc/pic32c/8.3.1/../../../../pic32c/lib/thumb/v8-m.base/nofp/libg-musl.a(snprintf.o)
 .comment       0x0000002b       0x2c /Applications/microchip/xc32/v4.10/bin/bin/../../lib/gcc/pic32c/8.3.1/../../../../pic32c/lib/thumb/v8-m.base/nofp/libg-musl.a(abs.o)
 .comment       0x0000002b       0x2c /Applications/microchip/xc32/v4.10/bin/bin/../../lib/gcc/pic32c/8.3.1/../../../../pic32c/lib/thumb/v8-m.base/nofp/libg-musl.a(strtol.o)
 .comment       0x0000002b       0x2c /Applications/microchip/xc32/v4.10/bin/bin/../../lib/gcc/pic32c/8.3.1/../../../../pic32c/lib/thumb/v8-m.base/nofp/libg-musl.a(memchr.o)
 .comment       0x0000002b       0x2c /Applications/microchip/xc32/v4.10/bin/bin/../../lib/gcc/pic32c/8.3.1/../../../../pic32c/lib/thumb/v8-m.base/nofp/libg-musl.a(stpcpy.o)
 .comment       0x0000002b       0x2c /Applications/microchip/xc32/v4.10/bin/bin/../../lib/gcc/pic32c/8.3.1/../../../../pic32c/lib/thumb/v8-m.base/nofp/libg-musl.a(__tm_to_secs.o)
 .comment       0x0000002b       0x2c /Applications/microchip/xc32/v4.10/bin/bin/../../lib/gcc/pic32c/8.3.1/../../../../pic32c/lib/thumb/v8-m.base/nofp/libg-musl.a(__year_to_secs.o)
 .comment       0x0000002b       0x2c /Applications/microchip/xc32/v4.10/bin/bin/../../lib/gcc/pic32c/8.3.1/../../../../pic32c/lib/thumb/v8-m.base/nofp/libg-musl.a(__tz.o)
 .comment       0x0000002b       0x2c /Applications/microchip/xc32/v4.10/bin/bin/../../lib/gcc/pic32c/8.3.1/../../../../pic32c/lib/thumb/v8-m.base/nofp/libg-musl.a(clock_gettime.o)
 .comment       0x0000002b       0x2c /Applications/microchip/xc32/v4.10/bin/bin/../../lib/gcc/pic32c/8.3.1/../../../../pic32c/lib/thumb/v8-m.base/nofp/libg-musl.a(gettimeofday.o)
 .comment       0x0000002b       0x2c /Applications/microchip/xc32/v4.10/bin/bin/../../lib/gcc/pic32c/8.3.1/../../../../pic32c/lib/thumb/v8-m.base/nofp/libg-musl.a(gmtime_r.o)
 .comment       0x0000002b       0x2c /Applications/microchip/xc32/v4.10/bin/bin/../../lib/gcc/pic32c/8.3.1/../../../../pic32c/lib/thumb/v8-m.base/nofp/libg-musl.a(readv.o)
 .comment       0x0000002b       0x2c /Applications/microchip/xc32/v4.10/bin/bin/../../lib/gcc/pic32c/8.3.1/../../../../pic32c/lib/thumb/v8-m.base/nofp/libg-musl.a(intscan.o)
 .comment       0x0000002b       0x2c /Applications/microchip/xc32/v4.10/bin/bin/../../lib/gcc/pic32c/8.3.1/../../../../pic32c/lib/thumb/v8-m.base/nofp/libg-musl.a(syscall_ret.o)
 .comment       0x0000002b       0x2c /Applications/microchip/xc32/v4.10/bin/bin/../../lib/gcc/pic32c/8.3.1/../../../../pic32c/lib/thumb/v8-m.base/nofp/libg-musl.a(shgetc.o)
 .comment       0x0000002b       0x2c /Applications/microchip/xc32/v4.10/bin/bin/../../lib/gcc/pic32c/8.3.1/../../../../pic32c/lib/thumb/v8-m.base/nofp/libg-musl.a(__uflow.o)
 .comment       0x0000002b       0x2c /Applications/microchip/xc32/v4.10/bin/bin/../../lib/gcc/pic32c/8.3.1/../../../../pic32c/lib/thumb/v8-m.base/nofp/libg-musl.a(__init_stdio.o)
 .comment       0x0000002b       0x2c /Applications/microchip/xc32/v4.10/bin/bin/../../lib/gcc/pic32c/8.3.1/../../../../pic32c/lib/thumb/v8-m.base/nofp/libg-musl.a(__putc.o)
 .comment       0x0000002b       0x2c /Applications/microchip/xc32/v4.10/bin/bin/../../lib/gcc/pic32c/8.3.1/../../../../pic32c/lib/thumb/v8-m.base/nofp/libg-musl.a(__scan_d.o)
 .comment       0x0000002b       0x2c /Applications/microchip/xc32/v4.10/bin/bin/../../lib/gcc/pic32c/8.3.1/../../../../pic32c/lib/thumb/v8-m.base/nofp/libg-musl.a(__scan_fp.o)
 .comment       0x0000002b       0x2c /Applications/microchip/xc32/v4.10/bin/bin/../../lib/gcc/pic32c/8.3.1/../../../../pic32c/lib/thumb/v8-m.base/nofp/libg-musl.a(__scan_i.o)
 .comment       0x0000002b       0x2c /Applications/microchip/xc32/v4.10/bin/bin/../../lib/gcc/pic32c/8.3.1/../../../../pic32c/lib/thumb/v8-m.base/nofp/libg-musl.a(__scan_o.o)
 .comment       0x0000002b       0x2c /Applications/microchip/xc32/v4.10/bin/bin/../../lib/gcc/pic32c/8.3.1/../../../../pic32c/lib/thumb/v8-m.base/nofp/libg-musl.a(__scan_s.o)
 .comment       0x0000002b       0x2c /Applications/microchip/xc32/v4.10/bin/bin/../../lib/gcc/pic32c/8.3.1/../../../../pic32c/lib/thumb/v8-m.base/nofp/libg-musl.a(__scan_u.o)
 .comment       0x0000002b       0x2c /Applications/microchip/xc32/v4.10/bin/bin/../../lib/gcc/pic32c/8.3.1/../../../../pic32c/lib/thumb/v8-m.base/nofp/libg-musl.a(__scan_x.o)
 .comment       0x0000002b       0x2c /Applications/microchip/xc32/v4.10/bin/bin/../../lib/gcc/pic32c/8.3.1/../../../../pic32c/lib/thumb/v8-m.base/nofp/libg-musl.a(__scanf_core.o)
 .comment       0x0000002b       0x2c /Applications/microchip/xc32/v4.10/bin/bin/../../lib/gcc/pic32c/8.3.1/../../../../pic32c/lib/thumb/v8-m.base/nofp/libg-musl.a(__stderr.o)
 .comment       0x0000002b       0x2c /Applications/microchip/xc32/v4.10/bin/bin/../../lib/gcc/pic32c/8.3.1/../../../../pic32c/lib/thumb/v8-m.base/nofp/libg-musl.a(__stdio_close.o)
 .comment       0x0000002b       0x2c /Applications/microchip/xc32/v4.10/bin/bin/../../lib/gcc/pic32c/8.3.1/../../../../pic32c/lib/thumb/v8-m.base/nofp/libg-musl.a(__stdio_exit.o)
 .comment       0x0000002b       0x2c /Applications/microchip/xc32/v4.10/bin/bin/../../lib/gcc/pic32c/8.3.1/../../../../pic32c/lib/thumb/v8-m.base/nofp/libg-musl.a(__stdio_write.o)
 .comment       0x0000002b       0x2c /Applications/microchip/xc32/v4.10/bin/bin/../../lib/gcc/pic32c/8.3.1/../../../../pic32c/lib/thumb/v8-m.base/nofp/libg-musl.a(__stdout.o)
 .comment       0x0000002b       0x2c /Applications/microchip/xc32/v4.10/bin/bin/../../lib/gcc/pic32c/8.3.1/../../../../pic32c/lib/thumb/v8-m.base/nofp/libg-musl.a(__towrite.o)
 .comment       0x0000002b       0x2c /Applications/microchip/xc32/v4.10/bin/bin/../../lib/gcc/pic32c/8.3.1/../../../../pic32c/lib/thumb/v8-m.base/nofp/libg-musl.a(vsnprintf.o)
 .comment       0x0000002b       0x2c /Applications/microchip/xc32/v4.10/bin/bin/../../lib/gcc/pic32c/8.3.1/../../../../pic32c/lib/thumb/v8-m.base/nofp/libg-musl.a(strtod.o)
 .comment       0x0000002b       0x2c /Applications/microchip/xc32/v4.10/bin/bin/../../lib/gcc/pic32c/8.3.1/../../../../pic32c/lib/thumb/v8-m.base/nofp/libg-musl.a(__month_to_secs.o)
 .comment       0x0000002b       0x2c /Applications/microchip/xc32/v4.10/bin/bin/../../lib/gcc/pic32c/8.3.1/../../../../pic32c/lib/thumb/v8-m.base/nofp/libg-musl.a(__secs_to_tm.o)
 .comment       0x0000002b       0x2c /Applications/microchip/xc32/v4.10/bin/bin/../../lib/gcc/pic32c/8.3.1/../../../../pic32c/lib/thumb/v8-m.base/nofp/libg-musl.a(writev.o)
 .comment       0x0000002b       0x2c /Applications/microchip/xc32/v4.10/bin/bin/../../lib/gcc/pic32c/8.3.1/../../../../pic32c/lib/thumb/v8-m.base/nofp/libg-musl.a(floatscan.o)
 .comment       0x0000002b       0x2c /Applications/microchip/xc32/v4.10/bin/bin/../../lib/gcc/pic32c/8.3.1/../../../../pic32c/lib/thumb/v8-m.base/nofp/libg-musl.a(__overflow.o)
 .comment       0x0000002b       0x2c /Applications/microchip/xc32/v4.10/bin/bin/../../lib/gcc/pic32c/8.3.1/../../../../pic32c/lib/thumb/v8-m.base/nofp/libg-musl.a(__toread.o)
 .comment       0x0000002b       0x2c /Applications/microchip/xc32/v4.10/bin/bin/../../lib/gcc/pic32c/8.3.1/../../../../pic32c/lib/thumb/v8-m.base/nofp/libg-musl.a(__fclose.o)
 .comment       0x0000002b       0x2c /Applications/microchip/xc32/v4.10/bin/bin/../../lib/gcc/pic32c/8.3.1/../../../../pic32c/lib/thumb/v8-m.base/nofp/libg-musl.a(__fwrite.o)
 .comment       0x0000002b       0x2c /Applications/microchip/xc32/v4.10/bin/bin/../../lib/gcc/pic32c/8.3.1/../../../../pic32c/lib/thumb/v8-m.base/nofp/libg-musl.a(__push_float.o)
 .comment       0x0000002b       0x2c /Applications/microchip/xc32/v4.10/bin/bin/../../lib/gcc/pic32c/8.3.1/../../../../pic32c/lib/thumb/v8-m.base/nofp/libg-musl.a(__push_int.o)
 .comment       0x0000002b       0x2c /Applications/microchip/xc32/v4.10/bin/bin/../../lib/gcc/pic32c/8.3.1/../../../../pic32c/lib/thumb/v8-m.base/nofp/libg-musl.a(vfprintf.o)
 .comment       0x0000002b       0x2c /Applications/microchip/xc32/v4.10/bin/bin/../../lib/gcc/pic32c/8.3.1/../../../../pic32c/lib/thumb/v8-m.base/nofp/libg-musl.a(__fmt_a.o)
 .comment       0x0000002b       0x2c /Applications/microchip/xc32/v4.10/bin/bin/../../lib/gcc/pic32c/8.3.1/../../../../pic32c/lib/thumb/v8-m.base/nofp/libc-musl.a(fprintf.o)
 .comment       0x0000002b       0x2c /Applications/microchip/xc32/v4.10/bin/bin/../../lib/gcc/pic32c/8.3.1/../../../../pic32c/lib/thumb/v8-m.base/nofp/libc-musl.a(printf.o)
 .comment       0x0000002b       0x2c /Applications/microchip/xc32/v4.10/bin/bin/../../lib/gcc/pic32c/8.3.1/../../../../pic32c/lib/thumb/v8-m.base/nofp/libm-emfloat.a(lib_a-_SCALBN.o)
 .comment       0x0000002b       0x2c /Applications/microchip/xc32/v4.10/bin/bin/../../lib/gcc/pic32c/8.3.1/../../../../pic32c/lib/thumb/v8-m.base/nofp/libm-emfloat.a(lib_a-_FLOOR.o)
 .comment       0x0000002b       0x2c /Applications/microchip/xc32/v4.10/bin/bin/../../lib/gcc/pic32c/8.3.1/../../../../pic32c/lib/thumb/v8-m.base/nofp/libm-emfloat.a(lib_a-_FMOD.o)
 .comment       0x0000002b       0x2c /Applications/microchip/xc32/v4.10/bin/bin/../../lib/gcc/pic32c/8.3.1/../../../../pic32c/lib/thumb/v8-m.base/nofp/libm-emfloat.a(lib_a-_FABS.o)
 .comment       0x0000002b       0x2c /Applications/microchip/xc32/v4.10/bin/bin/../../lib/gcc/pic32c/8.3.1/../../../../pic32c/lib/thumb/v8-m.base/nofp/libm-emfloat.a(lib_a-_FMA.o)
 .comment       0x0000002b       0x2c /Applications/microchip/xc32/v4.10/bin/bin/../../lib/gcc/pic32c/8.3.1/../../../../pic32c/lib/thumb/v8-m.base/nofp/libm-emfloat.a(lib_a-_COPYSIGN.o)
 .comment       0x0000002b       0x2c /Applications/microchip/xc32/v4.10/bin/bin/../../lib/gcc/pic32c/8.3.1/thumb/v8-m.base/nofp/libgcc.a(_muldi3.o)
 .comment       0x0000002b       0x2c /Applications/microchip/xc32/v4.10/bin/bin/../../lib/gcc/pic32c/8.3.1/thumb/v8-m.base/nofp/libgcc.a(_udivmoddi4.o)
 .comment       0x0000002b       0x2c /Applications/microchip/xc32/v4.10/bin/bin/../../lib/gcc/pic32c/8.3.1/thumb/v8-m.base/nofp/libgcc.a(bpabi.o)
 .comment       0x0000002b       0x2c /Applications/microchip/xc32/v4.10/bin/bin/../../lib/gcc/pic32c/8.3.1/thumb/v8-m.base/nofp/libgcc.a(_divdi3.o)
 .comment       0x0000002b       0x2c /Applications/microchip/xc32/v4.10/bin/bin/../../lib/gcc/pic32c/8.3.1/../../../../pic32c/lib/thumb/v8-m.base/nofp/libpic32c.a(close.o)
 .comment       0x0000002b       0x2c /Applications/microchip/xc32/v4.10/bin/bin/../../lib/gcc/pic32c/8.3.1/../../../../pic32c/lib/thumb/v8-m.base/nofp/libpic32c.a(lseek.o)
 .comment       0x0000002b       0x2c /Applications/microchip/xc32/v4.10/bin/bin/../../lib/gcc/pic32c/8.3.1/../../../../pic32c/lib/thumb/v8-m.base/nofp/libpic32c.a(sbrk.o)

.debug_info     0x00000000    0x72c53
 .debug_info    0x00000000     0x8c51 build/default/debug/_ext/1360937237/azure_iot_pnp_pic32cmls60-curiosity.o
 .debug_info    0x00008c51    0x1d31b build/default/debug/_ext/1360937237/main.o
 .debug_info    0x00025f6c      0x999 build/default/debug/_ext/1360937237/pic32cmls60-curiosity-buttons.o
 .debug_info    0x00026905      0x751 build/default/debug/_ext/1360937237/pic32cmls60-curiosity-led.o
 .debug_info    0x00027056     0x2252 build/default/debug/_ext/1360937237/pic32cmls60-curiosity-commands.o
 .debug_info    0x000292a8     0x2de0 build/default/debug/_ext/1414040249/az_json_reader.o
 .debug_info    0x0002c088     0x2187 build/default/debug/_ext/1414040249/az_json_token.o
 .debug_info    0x0002e20f     0x403e build/default/debug/_ext/1414040249/az_json_writer.o
 .debug_info    0x0003224d      0x9f6 build/default/debug/_ext/1414040249/az_log.o
 .debug_info    0x00032c43      0x58f build/default/debug/_ext/1414040249/az_precondition.o
 .debug_info    0x000331d2     0x349f build/default/debug/_ext/1414040249/az_span.o
 .debug_info    0x00036671     0x1881 build/default/debug/_ext/1292534426/az_iot_common.o
 .debug_info    0x00037ef2     0x1205 build/default/debug/_ext/1292534426/az_iot_hub_client.o
 .debug_info    0x000390f7      0xf18 build/default/debug/_ext/1292534426/az_iot_hub_client_commands.o
 .debug_info    0x0003a00f     0x12ac build/default/debug/_ext/1292534426/az_iot_hub_client_methods.o
 .debug_info    0x0003b2bb     0x2cb3 build/default/debug/_ext/1292534426/az_iot_hub_client_properties.o
 .debug_info    0x0003df6e      0xca2 build/default/debug/_ext/1292534426/az_iot_hub_client_telemetry.o
 .debug_info    0x0003ec10     0x1c59 build/default/debug/_ext/1292534426/az_iot_hub_client_twin.o
 .debug_info    0x00040869     0x3c4f build/default/debug/_ext/1292534426/az_iot_provisioning_client.o
 .debug_info    0x000444b8      0x60b build/default/debug/_ext/1434821282/bsp.o
 .debug_info    0x00044ac3      0xe30 build/default/debug/_ext/60163342/plib_adc.o
 .debug_info    0x000458f3      0x824 build/default/debug/_ext/60167341/plib_eic.o
 .debug_info    0x00046117      0xf73 build/default/debug/_ext/1865468468/plib_nvic.o
 .debug_info    0x0004708a     0x1531 build/default/debug/_ext/504274921/plib_sercom3_usart.o
 .debug_info    0x000485bb     0x22ac build/default/debug/_ext/504274921/plib_sercom2_usart.o
 .debug_info    0x0004a867      0x6e0 build/default/debug/_ext/1827571544/plib_systick.o
 .debug_info    0x0004af47      0x44e build/default/debug/_ext/163028504/xc32_monitor.o
 .debug_info    0x0004b395      0x4d7 build/default/debug/_ext/1171490990/initialization.o
 .debug_info    0x0004b86c      0xe92 build/default/debug/_ext/1171490990/interrupts.o
 .debug_info    0x0004c6fe      0x38c build/default/debug/_ext/1171490990/exceptions.o
 .debug_info    0x0004ca8a      0x4ee build/default/debug/_ext/1171490990/startup_xc32.o
 .debug_info    0x0004cf78      0x353 build/default/debug/_ext/1171490990/libc_syscalls.o
 .debug_info    0x0004d2cb      0x2b1 /Applications/microchip/xc32/v4.10/bin/bin/../../lib/gcc/pic32c/8.3.1/../../../../pic32c/lib/thumb/v8-m.base/nofp/libpic32c.a(data_init.o)
 .debug_info    0x0004d57c      0x363 /Applications/microchip/xc32/v4.10/bin/bin/../../lib/gcc/pic32c/8.3.1/../../../../pic32c/lib/thumb/v8-m.base/nofp/libg-musl.a(isxdigit.o)
 .debug_info    0x0004d8df      0x62a /Applications/microchip/xc32/v4.10/bin/bin/../../lib/gcc/pic32c/8.3.1/../../../../pic32c/lib/thumb/v8-m.base/nofp/libg-musl.a(__libc_start_main.o)
 .debug_info    0x0004df09      0x3de /Applications/microchip/xc32/v4.10/bin/bin/../../lib/gcc/pic32c/8.3.1/../../../../pic32c/lib/thumb/v8-m.base/nofp/libg-musl.a(exit.o)
 .debug_info    0x0004e2e7      0x53c /Applications/microchip/xc32/v4.10/bin/bin/../../lib/gcc/pic32c/8.3.1/../../../../pic32c/lib/thumb/v8-m.base/nofp/libg-musl.a(libc.o)
 .debug_info    0x0004e823     0x13a8 /Applications/microchip/xc32/v4.10/bin/bin/../../lib/gcc/pic32c/8.3.1/../../../../pic32c/lib/thumb/v8-m.base/nofp/libg-musl.a(malloc.o)
 .debug_info    0x0004fbcb      0x383 /Applications/microchip/xc32/v4.10/bin/bin/../../lib/gcc/pic32c/8.3.1/../../../../pic32c/lib/thumb/v8-m.base/nofp/libg-musl.a(expand_heap.o)
 .debug_info    0x0004ff4e      0x5c9 /Applications/microchip/xc32/v4.10/bin/bin/../../lib/gcc/pic32c/8.3.1/../../../../pic32c/lib/thumb/v8-m.base/nofp/libg-musl.a(__fmt_d.o)
 .debug_info    0x00050517      0x95b /Applications/microchip/xc32/v4.10/bin/bin/../../lib/gcc/pic32c/8.3.1/../../../../pic32c/lib/thumb/v8-m.base/nofp/libg-musl.a(__fmt_fp.o)
 .debug_info    0x00050e72      0x59a /Applications/microchip/xc32/v4.10/bin/bin/../../lib/gcc/pic32c/8.3.1/../../../../pic32c/lib/thumb/v8-m.base/nofp/libg-musl.a(__fmt_o.o)
 .debug_info    0x0005140c      0x585 /Applications/microchip/xc32/v4.10/bin/bin/../../lib/gcc/pic32c/8.3.1/../../../../pic32c/lib/thumb/v8-m.base/nofp/libg-musl.a(__fmt_s.o)
 .debug_info    0x00051991      0x65d /Applications/microchip/xc32/v4.10/bin/bin/../../lib/gcc/pic32c/8.3.1/../../../../pic32c/lib/thumb/v8-m.base/nofp/libg-musl.a(__fmt_u.o)
 .debug_info    0x00051fee      0x5ce /Applications/microchip/xc32/v4.10/bin/bin/../../lib/gcc/pic32c/8.3.1/../../../../pic32c/lib/thumb/v8-m.base/nofp/libg-musl.a(__fmt_x.o)
 .debug_info    0x000525bc      0xd4c /Applications/microchip/xc32/v4.10/bin/bin/../../lib/gcc/pic32c/8.3.1/../../../../pic32c/lib/thumb/v8-m.base/nofp/libg-musl.a(__printf_core.o)
 .debug_info    0x00053308      0x5ae /Applications/microchip/xc32/v4.10/bin/bin/../../lib/gcc/pic32c/8.3.1/../../../../pic32c/lib/thumb/v8-m.base/nofp/libg-musl.a(fflush.o)
 .debug_info    0x000538b6      0x4da /Applications/microchip/xc32/v4.10/bin/bin/../../lib/gcc/pic32c/8.3.1/../../../../pic32c/lib/thumb/v8-m.base/nofp/libg-musl.a(fwrite.o)
 .debug_info    0x00053d90      0x4ae /Applications/microchip/xc32/v4.10/bin/bin/../../lib/gcc/pic32c/8.3.1/../../../../pic32c/lib/thumb/v8-m.base/nofp/libg-musl.a(putc.o)
 .debug_info    0x0005423e      0x33a /Applications/microchip/xc32/v4.10/bin/bin/../../lib/gcc/pic32c/8.3.1/../../../../pic32c/lib/thumb/v8-m.base/nofp/libg-musl.a(sscanf.o)
 .debug_info    0x00054578      0x6ce /Applications/microchip/xc32/v4.10/bin/bin/../../lib/gcc/pic32c/8.3.1/../../../../pic32c/lib/thumb/v8-m.base/nofp/libg-musl.a(stdin.o)
 .debug_info    0x00054c46      0x48a /Applications/microchip/xc32/v4.10/bin/bin/../../lib/gcc/pic32c/8.3.1/../../../../pic32c/lib/thumb/v8-m.base/nofp/libg-musl.a(stdout.o)
 .debug_info    0x000550d0      0x745 /Applications/microchip/xc32/v4.10/bin/bin/../../lib/gcc/pic32c/8.3.1/../../../../pic32c/lib/thumb/v8-m.base/nofp/libg-musl.a(vsscanf.o)
 .debug_info    0x00055815      0x64f /Applications/microchip/xc32/v4.10/bin/bin/../../lib/gcc/pic32c/8.3.1/../../../../pic32c/lib/thumb/v8-m.base/nofp/libg-musl.a(puts.o)
 .debug_info    0x00055e64      0x2fa /Applications/microchip/xc32/v4.10/bin/bin/../../lib/gcc/pic32c/8.3.1/../../../../pic32c/lib/thumb/v8-m.base/nofp/libg-musl.a(setbuf.o)
 .debug_info    0x0005615e      0x302 /Applications/microchip/xc32/v4.10/bin/bin/../../lib/gcc/pic32c/8.3.1/../../../../pic32c/lib/thumb/v8-m.base/nofp/libg-musl.a(atoi.o)
 .debug_info    0x00056460      0x2cc /Applications/microchip/xc32/v4.10/bin/bin/../../lib/gcc/pic32c/8.3.1/../../../../pic32c/lib/thumb/v8-m.base/nofp/libg-musl.a(div.o)
 .debug_info    0x0005672c      0x2e9 /Applications/microchip/xc32/v4.10/bin/bin/../../lib/gcc/pic32c/8.3.1/../../../../pic32c/lib/thumb/v8-m.base/nofp/libg-musl.a(memcmp.o)
 .debug_info    0x00056a15      0x2f8 /Applications/microchip/xc32/v4.10/bin/bin/../../lib/gcc/pic32c/8.3.1/../../../../pic32c/lib/thumb/v8-m.base/nofp/libg-musl.a(memcpy.o)
 .debug_info    0x00056d0d      0x2fa /Applications/microchip/xc32/v4.10/bin/bin/../../lib/gcc/pic32c/8.3.1/../../../../pic32c/lib/thumb/v8-m.base/nofp/libg-musl.a(memmove.o)
 .debug_info    0x00057007      0x2bc /Applications/microchip/xc32/v4.10/bin/bin/../../lib/gcc/pic32c/8.3.1/../../../../pic32c/lib/thumb/v8-m.base/nofp/libg-musl.a(memset.o)
 .debug_info    0x000572c3      0x2ad /Applications/microchip/xc32/v4.10/bin/bin/../../lib/gcc/pic32c/8.3.1/../../../../pic32c/lib/thumb/v8-m.base/nofp/libg-musl.a(strlen.o)
 .debug_info    0x00057570      0x2bb /Applications/microchip/xc32/v4.10/bin/bin/../../lib/gcc/pic32c/8.3.1/../../../../pic32c/lib/thumb/v8-m.base/nofp/libg-musl.a(strcpy.o)
 .debug_info    0x0005782b      0x356 /Applications/microchip/xc32/v4.10/bin/bin/../../lib/gcc/pic32c/8.3.1/../../../../pic32c/lib/thumb/v8-m.base/nofp/libg-musl.a(strlcat.o)
 .debug_info    0x00057b81      0x3d2 /Applications/microchip/xc32/v4.10/bin/bin/../../lib/gcc/pic32c/8.3.1/../../../../pic32c/lib/thumb/v8-m.base/nofp/libg-musl.a(strlcpy.o)
 .debug_info    0x00057f53      0x2dd /Applications/microchip/xc32/v4.10/bin/bin/../../lib/gcc/pic32c/8.3.1/../../../../pic32c/lib/thumb/v8-m.base/nofp/libg-musl.a(strnlen.o)
 .debug_info    0x00058230      0x3e5 /Applications/microchip/xc32/v4.10/bin/bin/../../lib/gcc/pic32c/8.3.1/../../../../pic32c/lib/thumb/v8-m.base/nofp/libg-musl.a(localtime.o)
 .debug_info    0x00058615      0xb0d /Applications/microchip/xc32/v4.10/bin/bin/../../lib/gcc/pic32c/8.3.1/../../../../pic32c/lib/thumb/v8-m.base/nofp/libg-musl.a(strftime.o)
 .debug_info    0x00059122      0x322 /Applications/microchip/xc32/v4.10/bin/bin/../../lib/gcc/pic32c/8.3.1/../../../../pic32c/lib/thumb/v8-m.base/nofp/libg-musl.a(time.o)
 .debug_info    0x00059444      0x360 /Applications/microchip/xc32/v4.10/bin/bin/../../lib/gcc/pic32c/8.3.1/../../../../pic32c/lib/thumb/v8-m.base/nofp/libg-musl.a(tolower.o)
 .debug_info    0x000597a4      0x360 /Applications/microchip/xc32/v4.10/bin/bin/../../lib/gcc/pic32c/8.3.1/../../../../pic32c/lib/thumb/v8-m.base/nofp/libg-musl.a(toupper.o)
 .debug_info    0x00059b04      0x2b6 /Applications/microchip/xc32/v4.10/bin/bin/../../lib/gcc/pic32c/8.3.1/../../../../pic32c/lib/thumb/v8-m.base/nofp/libg-musl.a(__environ.o)
 .debug_info    0x00059dba      0x27a /Applications/microchip/xc32/v4.10/bin/bin/../../lib/gcc/pic32c/8.3.1/../../../../pic32c/lib/thumb/v8-m.base/nofp/libg-musl.a(__errno_location.o)
 .debug_info    0x0005a034      0x2b8 /Applications/microchip/xc32/v4.10/bin/bin/../../lib/gcc/pic32c/8.3.1/../../../../pic32c/lib/thumb/v8-m.base/nofp/libg-musl.a(_Exit.o)
 .debug_info    0x0005a2ec      0x4e7 /Applications/microchip/xc32/v4.10/bin/bin/../../lib/gcc/pic32c/8.3.1/../../../../pic32c/lib/thumb/v8-m.base/nofp/libg-musl.a(langinfo.o)
 .debug_info    0x0005a7d3      0x400 /Applications/microchip/xc32/v4.10/bin/bin/../../lib/gcc/pic32c/8.3.1/../../../../pic32c/lib/thumb/v8-m.base/nofp/libg-musl.a(c_locale.o)
 .debug_info    0x0005abd3      0x6af /Applications/microchip/xc32/v4.10/bin/bin/../../lib/gcc/pic32c/8.3.1/../../../../pic32c/lib/thumb/v8-m.base/nofp/libg-musl.a(__string_read.o)
 .debug_info    0x0005b282      0x65f /Applications/microchip/xc32/v4.10/bin/bin/../../lib/gcc/pic32c/8.3.1/../../../../pic32c/lib/thumb/v8-m.base/nofp/libg-musl.a(fputs.o)
 .debug_info    0x0005b8e1      0x547 /Applications/microchip/xc32/v4.10/bin/bin/../../lib/gcc/pic32c/8.3.1/../../../../pic32c/lib/thumb/v8-m.base/nofp/libg-musl.a(__out.o)
 .debug_info    0x0005be28      0x3e4 /Applications/microchip/xc32/v4.10/bin/bin/../../lib/gcc/pic32c/8.3.1/../../../../pic32c/lib/thumb/v8-m.base/nofp/libg-musl.a(__pop_float.o)
 .debug_info    0x0005c20c      0x408 /Applications/microchip/xc32/v4.10/bin/bin/../../lib/gcc/pic32c/8.3.1/../../../../pic32c/lib/thumb/v8-m.base/nofp/libg-musl.a(__pop_int.o)
 .debug_info    0x0005c614      0x414 /Applications/microchip/xc32/v4.10/bin/bin/../../lib/gcc/pic32c/8.3.1/../../../../pic32c/lib/thumb/v8-m.base/nofp/libg-musl.a(__pop_ptr.o)
 .debug_info    0x0005ca28      0x6b2 /Applications/microchip/xc32/v4.10/bin/bin/../../lib/gcc/pic32c/8.3.1/../../../../pic32c/lib/thumb/v8-m.base/nofp/libg-musl.a(__stdio_read.o)
 .debug_info    0x0005d0da      0x5e1 /Applications/microchip/xc32/v4.10/bin/bin/../../lib/gcc/pic32c/8.3.1/../../../../pic32c/lib/thumb/v8-m.base/nofp/libg-musl.a(__towrite_rw.o)
 .debug_info    0x0005d6bb      0x555 /Applications/microchip/xc32/v4.10/bin/bin/../../lib/gcc/pic32c/8.3.1/../../../../pic32c/lib/thumb/v8-m.base/nofp/libg-musl.a(setvbuf.o)
 .debug_info    0x0005dc10      0x6d0 /Applications/microchip/xc32/v4.10/bin/bin/../../lib/gcc/pic32c/8.3.1/../../../../pic32c/lib/thumb/v8-m.base/nofp/libg-musl.a(vfscanf.o)
 .debug_info    0x0005e2e0      0x353 /Applications/microchip/xc32/v4.10/bin/bin/../../lib/gcc/pic32c/8.3.1/../../../../pic32c/lib/thumb/v8-m.base/nofp/libg-musl.a(snprintf.o)
 .debug_info    0x0005e633      0x24c /Applications/microchip/xc32/v4.10/bin/bin/../../lib/gcc/pic32c/8.3.1/../../../../pic32c/lib/thumb/v8-m.base/nofp/libg-musl.a(abs.o)
 .debug_info    0x0005e87f      0x9f6 /Applications/microchip/xc32/v4.10/bin/bin/../../lib/gcc/pic32c/8.3.1/../../../../pic32c/lib/thumb/v8-m.base/nofp/libg-musl.a(strtol.o)
 .debug_info    0x0005f275      0x2fd /Applications/microchip/xc32/v4.10/bin/bin/../../lib/gcc/pic32c/8.3.1/../../../../pic32c/lib/thumb/v8-m.base/nofp/libg-musl.a(memchr.o)
 .debug_info    0x0005f572      0x2bf /Applications/microchip/xc32/v4.10/bin/bin/../../lib/gcc/pic32c/8.3.1/../../../../pic32c/lib/thumb/v8-m.base/nofp/libg-musl.a(stpcpy.o)
 .debug_info    0x0005f831      0x45c /Applications/microchip/xc32/v4.10/bin/bin/../../lib/gcc/pic32c/8.3.1/../../../../pic32c/lib/thumb/v8-m.base/nofp/libg-musl.a(__tm_to_secs.o)
 .debug_info    0x0005fc8d      0x336 /Applications/microchip/xc32/v4.10/bin/bin/../../lib/gcc/pic32c/8.3.1/../../../../pic32c/lib/thumb/v8-m.base/nofp/libg-musl.a(__year_to_secs.o)
 .debug_info    0x0005ffc3      0xc21 /Applications/microchip/xc32/v4.10/bin/bin/../../lib/gcc/pic32c/8.3.1/../../../../pic32c/lib/thumb/v8-m.base/nofp/libg-musl.a(__tz.o)
 .debug_info    0x00060be4      0x4ab /Applications/microchip/xc32/v4.10/bin/bin/../../lib/gcc/pic32c/8.3.1/../../../../pic32c/lib/thumb/v8-m.base/nofp/libg-musl.a(clock_gettime.o)
 .debug_info    0x0006108f      0x329 /Applications/microchip/xc32/v4.10/bin/bin/../../lib/gcc/pic32c/8.3.1/../../../../pic32c/lib/thumb/v8-m.base/nofp/libg-musl.a(gettimeofday.o)
 .debug_info    0x000613b8      0x404 /Applications/microchip/xc32/v4.10/bin/bin/../../lib/gcc/pic32c/8.3.1/../../../../pic32c/lib/thumb/v8-m.base/nofp/libg-musl.a(gmtime_r.o)
 .debug_info    0x000617bc      0x36d /Applications/microchip/xc32/v4.10/bin/bin/../../lib/gcc/pic32c/8.3.1/../../../../pic32c/lib/thumb/v8-m.base/nofp/libg-musl.a(readv.o)
 .debug_info    0x00061b29      0x84c /Applications/microchip/xc32/v4.10/bin/bin/../../lib/gcc/pic32c/8.3.1/../../../../pic32c/lib/thumb/v8-m.base/nofp/libg-musl.a(intscan.o)
 .debug_info    0x00062375      0x2d1 /Applications/microchip/xc32/v4.10/bin/bin/../../lib/gcc/pic32c/8.3.1/../../../../pic32c/lib/thumb/v8-m.base/nofp/libg-musl.a(syscall_ret.o)
 .debug_info    0x00062646      0x651 /Applications/microchip/xc32/v4.10/bin/bin/../../lib/gcc/pic32c/8.3.1/../../../../pic32c/lib/thumb/v8-m.base/nofp/libg-musl.a(shgetc.o)
 .debug_info    0x00062c97      0x61d /Applications/microchip/xc32/v4.10/bin/bin/../../lib/gcc/pic32c/8.3.1/../../../../pic32c/lib/thumb/v8-m.base/nofp/libg-musl.a(__uflow.o)
 .debug_info    0x000632b4      0x333 /Applications/microchip/xc32/v4.10/bin/bin/../../lib/gcc/pic32c/8.3.1/../../../../pic32c/lib/thumb/v8-m.base/nofp/libg-musl.a(__init_stdio.o)
 .debug_info    0x000635e7      0x50b /Applications/microchip/xc32/v4.10/bin/bin/../../lib/gcc/pic32c/8.3.1/../../../../pic32c/lib/thumb/v8-m.base/nofp/libg-musl.a(__putc.o)
 .debug_info    0x00063af2      0x8d2 /Applications/microchip/xc32/v4.10/bin/bin/../../lib/gcc/pic32c/8.3.1/../../../../pic32c/lib/thumb/v8-m.base/nofp/libg-musl.a(__scan_d.o)
 .debug_info    0x000643c4      0x9f9 /Applications/microchip/xc32/v4.10/bin/bin/../../lib/gcc/pic32c/8.3.1/../../../../pic32c/lib/thumb/v8-m.base/nofp/libg-musl.a(__scan_fp.o)
 .debug_info    0x00064dbd      0x8d9 /Applications/microchip/xc32/v4.10/bin/bin/../../lib/gcc/pic32c/8.3.1/../../../../pic32c/lib/thumb/v8-m.base/nofp/libg-musl.a(__scan_i.o)
 .debug_info    0x00065696      0x7ed /Applications/microchip/xc32/v4.10/bin/bin/../../lib/gcc/pic32c/8.3.1/../../../../pic32c/lib/thumb/v8-m.base/nofp/libg-musl.a(__scan_o.o)
 .debug_info    0x00065e83      0x766 /Applications/microchip/xc32/v4.10/bin/bin/../../lib/gcc/pic32c/8.3.1/../../../../pic32c/lib/thumb/v8-m.base/nofp/libg-musl.a(__scan_s.o)
 .debug_info    0x000665e9      0x562 /Applications/microchip/xc32/v4.10/bin/bin/../../lib/gcc/pic32c/8.3.1/../../../../pic32c/lib/thumb/v8-m.base/nofp/libg-musl.a(__scan_u.o)
 .debug_info    0x00066b4b      0x869 /Applications/microchip/xc32/v4.10/bin/bin/../../lib/gcc/pic32c/8.3.1/../../../../pic32c/lib/thumb/v8-m.base/nofp/libg-musl.a(__scan_x.o)
 .debug_info    0x000673b4      0xf49 /Applications/microchip/xc32/v4.10/bin/bin/../../lib/gcc/pic32c/8.3.1/../../../../pic32c/lib/thumb/v8-m.base/nofp/libg-musl.a(__scanf_core.o)
 .debug_info    0x000682fd      0x672 /Applications/microchip/xc32/v4.10/bin/bin/../../lib/gcc/pic32c/8.3.1/../../../../pic32c/lib/thumb/v8-m.base/nofp/libg-musl.a(__stderr.o)
 .debug_info    0x0006896f      0x6cb /Applications/microchip/xc32/v4.10/bin/bin/../../lib/gcc/pic32c/8.3.1/../../../../pic32c/lib/thumb/v8-m.base/nofp/libg-musl.a(__stdio_close.o)
 .debug_info    0x0006903a      0x596 /Applications/microchip/xc32/v4.10/bin/bin/../../lib/gcc/pic32c/8.3.1/../../../../pic32c/lib/thumb/v8-m.base/nofp/libg-musl.a(__stdio_exit.o)
 .debug_info    0x000695d0      0x6ff /Applications/microchip/xc32/v4.10/bin/bin/../../lib/gcc/pic32c/8.3.1/../../../../pic32c/lib/thumb/v8-m.base/nofp/libg-musl.a(__stdio_write.o)
 .debug_info    0x00069ccf      0x672 /Applications/microchip/xc32/v4.10/bin/bin/../../lib/gcc/pic32c/8.3.1/../../../../pic32c/lib/thumb/v8-m.base/nofp/libg-musl.a(__stdout.o)
 .debug_info    0x0006a341      0x4fd /Applications/microchip/xc32/v4.10/bin/bin/../../lib/gcc/pic32c/8.3.1/../../../../pic32c/lib/thumb/v8-m.base/nofp/libg-musl.a(__towrite.o)
 .debug_info    0x0006a83e      0x709 /Applications/microchip/xc32/v4.10/bin/bin/../../lib/gcc/pic32c/8.3.1/../../../../pic32c/lib/thumb/v8-m.base/nofp/libg-musl.a(vsnprintf.o)
 .debug_info    0x0006af47      0x814 /Applications/microchip/xc32/v4.10/bin/bin/../../lib/gcc/pic32c/8.3.1/../../../../pic32c/lib/thumb/v8-m.base/nofp/libg-musl.a(strtod.o)
 .debug_info    0x0006b75b      0x2e1 /Applications/microchip/xc32/v4.10/bin/bin/../../lib/gcc/pic32c/8.3.1/../../../../pic32c/lib/thumb/v8-m.base/nofp/libg-musl.a(__month_to_secs.o)
 .debug_info    0x0006ba3c      0x532 /Applications/microchip/xc32/v4.10/bin/bin/../../lib/gcc/pic32c/8.3.1/../../../../pic32c/lib/thumb/v8-m.base/nofp/libg-musl.a(__secs_to_tm.o)
 .debug_info    0x0006bf6e      0x371 /Applications/microchip/xc32/v4.10/bin/bin/../../lib/gcc/pic32c/8.3.1/../../../../pic32c/lib/thumb/v8-m.base/nofp/libg-musl.a(writev.o)
 .debug_info    0x0006c2df     0x10cf /Applications/microchip/xc32/v4.10/bin/bin/../../lib/gcc/pic32c/8.3.1/../../../../pic32c/lib/thumb/v8-m.base/nofp/libg-musl.a(floatscan.o)
 .debug_info    0x0006d3ae      0x62f /Applications/microchip/xc32/v4.10/bin/bin/../../lib/gcc/pic32c/8.3.1/../../../../pic32c/lib/thumb/v8-m.base/nofp/libg-musl.a(__overflow.o)
 .debug_info    0x0006d9dd      0x637 /Applications/microchip/xc32/v4.10/bin/bin/../../lib/gcc/pic32c/8.3.1/../../../../pic32c/lib/thumb/v8-m.base/nofp/libg-musl.a(__toread.o)
 .debug_info    0x0006e014      0x435 /Applications/microchip/xc32/v4.10/bin/bin/../../lib/gcc/pic32c/8.3.1/../../../../pic32c/lib/thumb/v8-m.base/nofp/libg-musl.a(__fclose.o)
 .debug_info    0x0006e449      0x5b2 /Applications/microchip/xc32/v4.10/bin/bin/../../lib/gcc/pic32c/8.3.1/../../../../pic32c/lib/thumb/v8-m.base/nofp/libg-musl.a(__fwrite.o)
 .debug_info    0x0006e9fb      0x3e7 /Applications/microchip/xc32/v4.10/bin/bin/../../lib/gcc/pic32c/8.3.1/../../../../pic32c/lib/thumb/v8-m.base/nofp/libg-musl.a(__push_float.o)
 .debug_info    0x0006ede2      0x419 /Applications/microchip/xc32/v4.10/bin/bin/../../lib/gcc/pic32c/8.3.1/../../../../pic32c/lib/thumb/v8-m.base/nofp/libg-musl.a(__push_int.o)
 .debug_info    0x0006f1fb      0x6d2 /Applications/microchip/xc32/v4.10/bin/bin/../../lib/gcc/pic32c/8.3.1/../../../../pic32c/lib/thumb/v8-m.base/nofp/libg-musl.a(vfprintf.o)
 .debug_info    0x0006f8cd      0x8ce /Applications/microchip/xc32/v4.10/bin/bin/../../lib/gcc/pic32c/8.3.1/../../../../pic32c/lib/thumb/v8-m.base/nofp/libg-musl.a(__fmt_a.o)
 .debug_info    0x0007019b      0x342 /Applications/microchip/xc32/v4.10/bin/bin/../../lib/gcc/pic32c/8.3.1/../../../../pic32c/lib/thumb/v8-m.base/nofp/libc-musl.a(fprintf.o)
 .debug_info    0x000704dd      0x344 /Applications/microchip/xc32/v4.10/bin/bin/../../lib/gcc/pic32c/8.3.1/../../../../pic32c/lib/thumb/v8-m.base/nofp/libc-musl.a(printf.o)
 .debug_info    0x00070821       0x26 /Applications/microchip/xc32/v4.10/bin/bin/../../lib/gcc/pic32c/8.3.1/thumb/v8-m.base/nofp/libgcc.a(_thumb1_case_uhi.o)
 .debug_info    0x00070847       0x26 /Applications/microchip/xc32/v4.10/bin/bin/../../lib/gcc/pic32c/8.3.1/thumb/v8-m.base/nofp/libgcc.a(_lshrdi3.o)
 .debug_info    0x0007086d       0x26 /Applications/microchip/xc32/v4.10/bin/bin/../../lib/gcc/pic32c/8.3.1/thumb/v8-m.base/nofp/libgcc.a(_ashldi3.o)
 .debug_info    0x00070893       0x26 /Applications/microchip/xc32/v4.10/bin/bin/../../lib/gcc/pic32c/8.3.1/thumb/v8-m.base/nofp/libgcc.a(_aeabi_ldivmod.o)
 .debug_info    0x000708b9       0x26 /Applications/microchip/xc32/v4.10/bin/bin/../../lib/gcc/pic32c/8.3.1/thumb/v8-m.base/nofp/libgcc.a(_aeabi_uldivmod.o)
 .debug_info    0x000708df      0x4e9 /Applications/microchip/xc32/v4.10/bin/bin/../../lib/gcc/pic32c/8.3.1/thumb/v8-m.base/nofp/libgcc.a(_muldi3.o)
 .debug_info    0x00070dc8      0x8e8 /Applications/microchip/xc32/v4.10/bin/bin/../../lib/gcc/pic32c/8.3.1/thumb/v8-m.base/nofp/libgcc.a(_udivmoddi4.o)
 .debug_info    0x000716b0      0x31b /Applications/microchip/xc32/v4.10/bin/bin/../../lib/gcc/pic32c/8.3.1/thumb/v8-m.base/nofp/libgcc.a(bpabi.o)
 .debug_info    0x000719cb       0x26 /Applications/microchip/xc32/v4.10/bin/bin/../../lib/gcc/pic32c/8.3.1/thumb/v8-m.base/nofp/libgcc.a(_dvmd_tls.o)
 .debug_info    0x000719f1       0x26 /Applications/microchip/xc32/v4.10/bin/bin/../../lib/gcc/pic32c/8.3.1/thumb/v8-m.base/nofp/libgcc.a(_clzsi2.o)
 .debug_info    0x00071a17      0xa7e /Applications/microchip/xc32/v4.10/bin/bin/../../lib/gcc/pic32c/8.3.1/thumb/v8-m.base/nofp/libgcc.a(_divdi3.o)
 .debug_info    0x00072495      0x295 /Applications/microchip/xc32/v4.10/bin/bin/../../lib/gcc/pic32c/8.3.1/../../../../pic32c/lib/thumb/v8-m.base/nofp/libpic32c.a(close.o)
 .debug_info    0x0007272a      0x295 /Applications/microchip/xc32/v4.10/bin/bin/../../lib/gcc/pic32c/8.3.1/../../../../pic32c/lib/thumb/v8-m.base/nofp/libpic32c.a(lseek.o)
 .debug_info    0x000729bf      0x294 /Applications/microchip/xc32/v4.10/bin/bin/../../lib/gcc/pic32c/8.3.1/../../../../pic32c/lib/thumb/v8-m.base/nofp/libpic32c.a(sbrk.o)

.debug_abbrev   0x00000000     0xc746
 .debug_abbrev  0x00000000      0x5f2 build/default/debug/_ext/1360937237/azure_iot_pnp_pic32cmls60-curiosity.o
 .debug_abbrev  0x000005f2      0x676 build/default/debug/_ext/1360937237/main.o
 .debug_abbrev  0x00000c68      0x1ea build/default/debug/_ext/1360937237/pic32cmls60-curiosity-buttons.o
 .debug_abbrev  0x00000e52      0x13d build/default/debug/_ext/1360937237/pic32cmls60-curiosity-led.o
 .debug_abbrev  0x00000f8f      0x37e build/default/debug/_ext/1360937237/pic32cmls60-curiosity-commands.o
 .debug_abbrev  0x0000130d      0x4a5 build/default/debug/_ext/1414040249/az_json_reader.o
 .debug_abbrev  0x000017b2      0x37d build/default/debug/_ext/1414040249/az_json_token.o
 .debug_abbrev  0x00001b2f      0x4e6 build/default/debug/_ext/1414040249/az_json_writer.o
 .debug_abbrev  0x00002015      0x24c build/default/debug/_ext/1414040249/az_log.o
 .debug_abbrev  0x00002261       0xe9 build/default/debug/_ext/1414040249/az_precondition.o
 .debug_abbrev  0x0000234a      0x4a7 build/default/debug/_ext/1414040249/az_span.o
 .debug_abbrev  0x000027f1      0x28b build/default/debug/_ext/1292534426/az_iot_common.o
 .debug_abbrev  0x00002a7c      0x24e build/default/debug/_ext/1292534426/az_iot_hub_client.o
 .debug_abbrev  0x00002cca      0x253 build/default/debug/_ext/1292534426/az_iot_hub_client_commands.o
 .debug_abbrev  0x00002f1d      0x23d build/default/debug/_ext/1292534426/az_iot_hub_client_methods.o
 .debug_abbrev  0x0000315a      0x401 build/default/debug/_ext/1292534426/az_iot_hub_client_properties.o
 .debug_abbrev  0x0000355b      0x1b8 build/default/debug/_ext/1292534426/az_iot_hub_client_telemetry.o
 .debug_abbrev  0x00003713      0x2b9 build/default/debug/_ext/1292534426/az_iot_hub_client_twin.o
 .debug_abbrev  0x000039cc      0x4b9 build/default/debug/_ext/1292534426/az_iot_provisioning_client.o
 .debug_abbrev  0x00003e85       0xa8 build/default/debug/_ext/1434821282/bsp.o
 .debug_abbrev  0x00003f2d      0x17b build/default/debug/_ext/60163342/plib_adc.o
 .debug_abbrev  0x000040a8      0x1ca build/default/debug/_ext/60167341/plib_eic.o
 .debug_abbrev  0x00004272      0x1ec build/default/debug/_ext/1865468468/plib_nvic.o
 .debug_abbrev  0x0000445e      0x29c build/default/debug/_ext/504274921/plib_sercom3_usart.o
 .debug_abbrev  0x000046fa      0x478 build/default/debug/_ext/504274921/plib_sercom2_usart.o
 .debug_abbrev  0x00004b72      0x108 build/default/debug/_ext/1827571544/plib_systick.o
 .debug_abbrev  0x00004c7a       0xd7 build/default/debug/_ext/163028504/xc32_monitor.o
 .debug_abbrev  0x00004d51      0x113 build/default/debug/_ext/1171490990/initialization.o
 .debug_abbrev  0x00004e64       0xb5 build/default/debug/_ext/1171490990/interrupts.o
 .debug_abbrev  0x00004f19       0x3e build/default/debug/_ext/1171490990/exceptions.o
 .debug_abbrev  0x00004f57      0x110 build/default/debug/_ext/1171490990/startup_xc32.o
 .debug_abbrev  0x00005067       0x4f build/default/debug/_ext/1171490990/libc_syscalls.o
 .debug_abbrev  0x000050b6       0x2e /Applications/microchip/xc32/v4.10/bin/bin/../../lib/gcc/pic32c/8.3.1/../../../../pic32c/lib/thumb/v8-m.base/nofp/libpic32c.a(data_init.o)
 .debug_abbrev  0x000050e4       0xe9 /Applications/microchip/xc32/v4.10/bin/bin/../../lib/gcc/pic32c/8.3.1/../../../../pic32c/lib/thumb/v8-m.base/nofp/libg-musl.a(isxdigit.o)
 .debug_abbrev  0x000051cd      0x117 /Applications/microchip/xc32/v4.10/bin/bin/../../lib/gcc/pic32c/8.3.1/../../../../pic32c/lib/thumb/v8-m.base/nofp/libg-musl.a(__libc_start_main.o)
 .debug_abbrev  0x000052e4      0x105 /Applications/microchip/xc32/v4.10/bin/bin/../../lib/gcc/pic32c/8.3.1/../../../../pic32c/lib/thumb/v8-m.base/nofp/libg-musl.a(exit.o)
 .debug_abbrev  0x000053e9       0xb8 /Applications/microchip/xc32/v4.10/bin/bin/../../lib/gcc/pic32c/8.3.1/../../../../pic32c/lib/thumb/v8-m.base/nofp/libg-musl.a(libc.o)
 .debug_abbrev  0x000054a1      0x3fa /Applications/microchip/xc32/v4.10/bin/bin/../../lib/gcc/pic32c/8.3.1/../../../../pic32c/lib/thumb/v8-m.base/nofp/libg-musl.a(malloc.o)
 .debug_abbrev  0x0000589b       0xa5 /Applications/microchip/xc32/v4.10/bin/bin/../../lib/gcc/pic32c/8.3.1/../../../../pic32c/lib/thumb/v8-m.base/nofp/libg-musl.a(expand_heap.o)
 .debug_abbrev  0x00005940      0x120 /Applications/microchip/xc32/v4.10/bin/bin/../../lib/gcc/pic32c/8.3.1/../../../../pic32c/lib/thumb/v8-m.base/nofp/libg-musl.a(__fmt_d.o)
 .debug_abbrev  0x00005a60      0x1a2 /Applications/microchip/xc32/v4.10/bin/bin/../../lib/gcc/pic32c/8.3.1/../../../../pic32c/lib/thumb/v8-m.base/nofp/libg-musl.a(__fmt_fp.o)
 .debug_abbrev  0x00005c02      0x120 /Applications/microchip/xc32/v4.10/bin/bin/../../lib/gcc/pic32c/8.3.1/../../../../pic32c/lib/thumb/v8-m.base/nofp/libg-musl.a(__fmt_o.o)
 .debug_abbrev  0x00005d22      0x11d /Applications/microchip/xc32/v4.10/bin/bin/../../lib/gcc/pic32c/8.3.1/../../../../pic32c/lib/thumb/v8-m.base/nofp/libg-musl.a(__fmt_s.o)
 .debug_abbrev  0x00005e3f      0x174 /Applications/microchip/xc32/v4.10/bin/bin/../../lib/gcc/pic32c/8.3.1/../../../../pic32c/lib/thumb/v8-m.base/nofp/libg-musl.a(__fmt_u.o)
 .debug_abbrev  0x00005fb3      0x10f /Applications/microchip/xc32/v4.10/bin/bin/../../lib/gcc/pic32c/8.3.1/../../../../pic32c/lib/thumb/v8-m.base/nofp/libg-musl.a(__fmt_x.o)
 .debug_abbrev  0x000060c2      0x2be /Applications/microchip/xc32/v4.10/bin/bin/../../lib/gcc/pic32c/8.3.1/../../../../pic32c/lib/thumb/v8-m.base/nofp/libg-musl.a(__printf_core.o)
 .debug_abbrev  0x00006380      0x1b3 /Applications/microchip/xc32/v4.10/bin/bin/../../lib/gcc/pic32c/8.3.1/../../../../pic32c/lib/thumb/v8-m.base/nofp/libg-musl.a(fflush.o)
 .debug_abbrev  0x00006533      0x10c /Applications/microchip/xc32/v4.10/bin/bin/../../lib/gcc/pic32c/8.3.1/../../../../pic32c/lib/thumb/v8-m.base/nofp/libg-musl.a(fwrite.o)
 .debug_abbrev  0x0000663f      0x106 /Applications/microchip/xc32/v4.10/bin/bin/../../lib/gcc/pic32c/8.3.1/../../../../pic32c/lib/thumb/v8-m.base/nofp/libg-musl.a(putc.o)
 .debug_abbrev  0x00006745       0xfb /Applications/microchip/xc32/v4.10/bin/bin/../../lib/gcc/pic32c/8.3.1/../../../../pic32c/lib/thumb/v8-m.base/nofp/libg-musl.a(sscanf.o)
 .debug_abbrev  0x00006840      0x175 /Applications/microchip/xc32/v4.10/bin/bin/../../lib/gcc/pic32c/8.3.1/../../../../pic32c/lib/thumb/v8-m.base/nofp/libg-musl.a(stdin.o)
 .debug_abbrev  0x000069b5      0x118 /Applications/microchip/xc32/v4.10/bin/bin/../../lib/gcc/pic32c/8.3.1/../../../../pic32c/lib/thumb/v8-m.base/nofp/libg-musl.a(stdout.o)
 .debug_abbrev  0x00006acd      0x185 /Applications/microchip/xc32/v4.10/bin/bin/../../lib/gcc/pic32c/8.3.1/../../../../pic32c/lib/thumb/v8-m.base/nofp/libg-musl.a(vsscanf.o)
 .debug_abbrev  0x00006c52      0x151 /Applications/microchip/xc32/v4.10/bin/bin/../../lib/gcc/pic32c/8.3.1/../../../../pic32c/lib/thumb/v8-m.base/nofp/libg-musl.a(puts.o)
 .debug_abbrev  0x00006da3       0x9d /Applications/microchip/xc32/v4.10/bin/bin/../../lib/gcc/pic32c/8.3.1/../../../../pic32c/lib/thumb/v8-m.base/nofp/libg-musl.a(setbuf.o)
 .debug_abbrev  0x00006e40       0xbb /Applications/microchip/xc32/v4.10/bin/bin/../../lib/gcc/pic32c/8.3.1/../../../../pic32c/lib/thumb/v8-m.base/nofp/libg-musl.a(atoi.o)
 .debug_abbrev  0x00006efb       0x80 /Applications/microchip/xc32/v4.10/bin/bin/../../lib/gcc/pic32c/8.3.1/../../../../pic32c/lib/thumb/v8-m.base/nofp/libg-musl.a(div.o)
 .debug_abbrev  0x00006f7b       0x8b /Applications/microchip/xc32/v4.10/bin/bin/../../lib/gcc/pic32c/8.3.1/../../../../pic32c/lib/thumb/v8-m.base/nofp/libg-musl.a(memcmp.o)
 .debug_abbrev  0x00007006       0x9c /Applications/microchip/xc32/v4.10/bin/bin/../../lib/gcc/pic32c/8.3.1/../../../../pic32c/lib/thumb/v8-m.base/nofp/libg-musl.a(memcpy.o)
 .debug_abbrev  0x000070a2       0xa3 /Applications/microchip/xc32/v4.10/bin/bin/../../lib/gcc/pic32c/8.3.1/../../../../pic32c/lib/thumb/v8-m.base/nofp/libg-musl.a(memmove.o)
 .debug_abbrev  0x00007145       0x97 /Applications/microchip/xc32/v4.10/bin/bin/../../lib/gcc/pic32c/8.3.1/../../../../pic32c/lib/thumb/v8-m.base/nofp/libg-musl.a(memset.o)
 .debug_abbrev  0x000071dc       0x86 /Applications/microchip/xc32/v4.10/bin/bin/../../lib/gcc/pic32c/8.3.1/../../../../pic32c/lib/thumb/v8-m.base/nofp/libg-musl.a(strlen.o)
 .debug_abbrev  0x00007262       0x8e /Applications/microchip/xc32/v4.10/bin/bin/../../lib/gcc/pic32c/8.3.1/../../../../pic32c/lib/thumb/v8-m.base/nofp/libg-musl.a(strcpy.o)
 .debug_abbrev  0x000072f0       0xbe /Applications/microchip/xc32/v4.10/bin/bin/../../lib/gcc/pic32c/8.3.1/../../../../pic32c/lib/thumb/v8-m.base/nofp/libg-musl.a(strlcat.o)
 .debug_abbrev  0x000073ae       0xb4 /Applications/microchip/xc32/v4.10/bin/bin/../../lib/gcc/pic32c/8.3.1/../../../../pic32c/lib/thumb/v8-m.base/nofp/libg-musl.a(strlcpy.o)
 .debug_abbrev  0x00007462       0xb1 /Applications/microchip/xc32/v4.10/bin/bin/../../lib/gcc/pic32c/8.3.1/../../../../pic32c/lib/thumb/v8-m.base/nofp/libg-musl.a(strnlen.o)
 .debug_abbrev  0x00007513       0xd0 /Applications/microchip/xc32/v4.10/bin/bin/../../lib/gcc/pic32c/8.3.1/../../../../pic32c/lib/thumb/v8-m.base/nofp/libg-musl.a(localtime.o)
 .debug_abbrev  0x000075e3      0x279 /Applications/microchip/xc32/v4.10/bin/bin/../../lib/gcc/pic32c/8.3.1/../../../../pic32c/lib/thumb/v8-m.base/nofp/libg-musl.a(strftime.o)
 .debug_abbrev  0x0000785c       0xc9 /Applications/microchip/xc32/v4.10/bin/bin/../../lib/gcc/pic32c/8.3.1/../../../../pic32c/lib/thumb/v8-m.base/nofp/libg-musl.a(time.o)
 .debug_abbrev  0x00007925       0xe9 /Applications/microchip/xc32/v4.10/bin/bin/../../lib/gcc/pic32c/8.3.1/../../../../pic32c/lib/thumb/v8-m.base/nofp/libg-musl.a(tolower.o)
 .debug_abbrev  0x00007a0e       0xe9 /Applications/microchip/xc32/v4.10/bin/bin/../../lib/gcc/pic32c/8.3.1/../../../../pic32c/lib/thumb/v8-m.base/nofp/libg-musl.a(toupper.o)
 .debug_abbrev  0x00007af7       0x57 /Applications/microchip/xc32/v4.10/bin/bin/../../lib/gcc/pic32c/8.3.1/../../../../pic32c/lib/thumb/v8-m.base/nofp/libg-musl.a(__environ.o)
 .debug_abbrev  0x00007b4e       0x2e /Applications/microchip/xc32/v4.10/bin/bin/../../lib/gcc/pic32c/8.3.1/../../../../pic32c/lib/thumb/v8-m.base/nofp/libg-musl.a(__errno_location.o)
 .debug_abbrev  0x00007b7c       0x7f /Applications/microchip/xc32/v4.10/bin/bin/../../lib/gcc/pic32c/8.3.1/../../../../pic32c/lib/thumb/v8-m.base/nofp/libg-musl.a(_Exit.o)
 .debug_abbrev  0x00007bfb      0x119 /Applications/microchip/xc32/v4.10/bin/bin/../../lib/gcc/pic32c/8.3.1/../../../../pic32c/lib/thumb/v8-m.base/nofp/libg-musl.a(langinfo.o)
 .debug_abbrev  0x00007d14       0xab /Applications/microchip/xc32/v4.10/bin/bin/../../lib/gcc/pic32c/8.3.1/../../../../pic32c/lib/thumb/v8-m.base/nofp/libg-musl.a(c_locale.o)